Component: ARM Compiler 5.06 update 5 (build 528) Tool: armlink [4d35e2]

==============================================================================

Section Cross References

    stm32f10x_adc.o(i.ADC_DeInit) refers to stm32f10x_rcc.o(i.RCC_APB2PeriphResetCmd) for RCC_APB2PeriphResetCmd
    stm32f10x_bkp.o(i.BKP_DeInit) refers to stm32f10x_rcc.o(i.RCC_BackupResetCmd) for RCC_BackupResetCmd
    stm32f10x_can.o(i.CAN_DeInit) refers to stm32f10x_rcc.o(i.RCC_APB1PeriphResetCmd) for RCC_APB1PeriphResetCmd
    stm32f10x_can.o(i.CAN_GetITStatus) refers to stm32f10x_can.o(i.CheckITStatus) for CheckITStatus
    stm32f10x_cec.o(i.CEC_DeInit) refers to stm32f10x_rcc.o(i.RCC_APB1PeriphResetCmd) for RCC_APB1PeriphResetCmd
    stm32f10x_dac.o(i.DAC_DeInit) refers to stm32f10x_rcc.o(i.RCC_APB1PeriphResetCmd) for RCC_APB1PeriphResetCmd
    stm32f10x_flash.o(i.FLASH_EnableWriteProtection) refers to stm32f10x_flash.o(i.FLASH_WaitForLastOperation) for FLASH_WaitForLastOperation
    stm32f10x_flash.o(i.FLASH_EraseAllBank1Pages) refers to stm32f10x_flash.o(i.FLASH_WaitForLastBank1Operation) for FLASH_WaitForLastBank1Operation
    stm32f10x_flash.o(i.FLASH_EraseAllPages) refers to stm32f10x_flash.o(i.FLASH_WaitForLastOperation) for FLASH_WaitForLastOperation
    stm32f10x_flash.o(i.FLASH_EraseOptionBytes) refers to stm32f10x_flash.o(i.FLASH_GetReadOutProtectionStatus) for FLASH_GetReadOutProtectionStatus
    stm32f10x_flash.o(i.FLASH_EraseOptionBytes) refers to stm32f10x_flash.o(i.FLASH_WaitForLastOperation) for FLASH_WaitForLastOperation
    stm32f10x_flash.o(i.FLASH_ErasePage) refers to stm32f10x_flash.o(i.FLASH_WaitForLastOperation) for FLASH_WaitForLastOperation
    stm32f10x_flash.o(i.FLASH_ProgramHalfWord) refers to stm32f10x_flash.o(i.FLASH_WaitForLastOperation) for FLASH_WaitForLastOperation
    stm32f10x_flash.o(i.FLASH_ProgramOptionByteData) refers to stm32f10x_flash.o(i.FLASH_WaitForLastOperation) for FLASH_WaitForLastOperation
    stm32f10x_flash.o(i.FLASH_ProgramWord) refers to stm32f10x_flash.o(i.FLASH_WaitForLastOperation) for FLASH_WaitForLastOperation
    stm32f10x_flash.o(i.FLASH_ReadOutProtection) refers to stm32f10x_flash.o(i.FLASH_WaitForLastOperation) for FLASH_WaitForLastOperation
    stm32f10x_flash.o(i.FLASH_UserOptionByteConfig) refers to stm32f10x_flash.o(i.FLASH_WaitForLastOperation) for FLASH_WaitForLastOperation
    stm32f10x_flash.o(i.FLASH_WaitForLastBank1Operation) refers to stm32f10x_flash.o(i.FLASH_GetBank1Status) for FLASH_GetBank1Status
    stm32f10x_flash.o(i.FLASH_WaitForLastOperation) refers to stm32f10x_flash.o(i.FLASH_GetBank1Status) for FLASH_GetBank1Status
    stm32f10x_gpio.o(i.GPIO_AFIODeInit) refers to stm32f10x_rcc.o(i.RCC_APB2PeriphResetCmd) for RCC_APB2PeriphResetCmd
    stm32f10x_gpio.o(i.GPIO_DeInit) refers to stm32f10x_rcc.o(i.RCC_APB2PeriphResetCmd) for RCC_APB2PeriphResetCmd
    stm32f10x_i2c.o(i.I2C_DeInit) refers to stm32f10x_rcc.o(i.RCC_APB1PeriphResetCmd) for RCC_APB1PeriphResetCmd
    stm32f10x_i2c.o(i.I2C_Init) refers to stm32f10x_rcc.o(i.RCC_GetClocksFreq) for RCC_GetClocksFreq
    stm32f10x_pwr.o(i.PWR_DeInit) refers to stm32f10x_rcc.o(i.RCC_APB1PeriphResetCmd) for RCC_APB1PeriphResetCmd
    stm32f10x_rcc.o(i.RCC_GetClocksFreq) refers to stm32f10x_rcc.o(.data) for APBAHBPrescTable
    stm32f10x_rcc.o(i.RCC_WaitForHSEStartUp) refers to stm32f10x_rcc.o(i.RCC_GetFlagStatus) for RCC_GetFlagStatus
    stm32f10x_rtc.o(i.RTC_SetAlarm) refers to stm32f10x_rtc.o(i.RTC_EnterConfigMode) for RTC_EnterConfigMode
    stm32f10x_rtc.o(i.RTC_SetAlarm) refers to stm32f10x_rtc.o(i.RTC_ExitConfigMode) for RTC_ExitConfigMode
    stm32f10x_rtc.o(i.RTC_SetCounter) refers to stm32f10x_rtc.o(i.RTC_EnterConfigMode) for RTC_EnterConfigMode
    stm32f10x_rtc.o(i.RTC_SetCounter) refers to stm32f10x_rtc.o(i.RTC_ExitConfigMode) for RTC_ExitConfigMode
    stm32f10x_rtc.o(i.RTC_SetPrescaler) refers to stm32f10x_rtc.o(i.RTC_EnterConfigMode) for RTC_EnterConfigMode
    stm32f10x_rtc.o(i.RTC_SetPrescaler) refers to stm32f10x_rtc.o(i.RTC_ExitConfigMode) for RTC_ExitConfigMode
    stm32f10x_spi.o(i.I2S_Init) refers to stm32f10x_rcc.o(i.RCC_GetClocksFreq) for RCC_GetClocksFreq
    stm32f10x_spi.o(i.SPI_I2S_DeInit) refers to stm32f10x_rcc.o(i.RCC_APB2PeriphResetCmd) for RCC_APB2PeriphResetCmd
    stm32f10x_spi.o(i.SPI_I2S_DeInit) refers to stm32f10x_rcc.o(i.RCC_APB1PeriphResetCmd) for RCC_APB1PeriphResetCmd
    stm32f10x_tim.o(i.TIM_DeInit) refers to stm32f10x_rcc.o(i.RCC_APB2PeriphResetCmd) for RCC_APB2PeriphResetCmd
    stm32f10x_tim.o(i.TIM_DeInit) refers to stm32f10x_rcc.o(i.RCC_APB1PeriphResetCmd) for RCC_APB1PeriphResetCmd
    stm32f10x_tim.o(i.TIM_ETRClockMode1Config) refers to stm32f10x_tim.o(i.TIM_ETRConfig) for TIM_ETRConfig
    stm32f10x_tim.o(i.TIM_ETRClockMode2Config) refers to stm32f10x_tim.o(i.TIM_ETRConfig) for TIM_ETRConfig
    stm32f10x_tim.o(i.TIM_ICInit) refers to stm32f10x_tim.o(i.TI1_Config) for TI1_Config
[...]
    i.DebugMon_Handler                       0x080028dc   Section        0  stm32f10x_it.o(i.DebugMon_Handler)
    i.Duty_1000ms                            0x080028e0   Section        0  scheduler.o(i.Duty_1000ms)
    i.Duty_10ms                              0x0800298c   Section        0  scheduler.o(i.Duty_10ms)
    i.Duty_20ms                              0x080029b0   Section        0  scheduler.o(i.Duty_20ms)
    i.Duty_2ms                               0x080029d4   Section        0  scheduler.o(i.Duty_2ms)
    i.Duty_4ms                               0x08002a04   Section        0  scheduler.o(i.Duty_4ms)
    i.Duty_50ms                              0x08002a30   Section        0  scheduler.o(i.Duty_50ms)
    i.Duty_6ms                               0x08002a5c   Section        0  scheduler.o(i.Duty_6ms)
    i.Flag_Check                             0x08002a90   Section        0  ano_data_transfer.o(i.Flag_Check)
    i.FlightPidControl                       0x08002b38   Section        0  control.o(i.FlightPidControl)
    i.GPIO_Init                              0x08002c78   Section        0  stm32f10x_gpio.o(i.GPIO_Init)
    i.GPIO_PinRemapConfig                    0x08002d90   Section        0  stm32f10x_gpio.o(i.GPIO_PinRemapConfig)
    i.GPIO_SetBits                           0x08002e20   Section        0  stm32f10x_gpio.o(i.GPIO_SetBits)
    i.GetAngle                               0x08002e24   Section        0  imu.o(i.GetAngle)
    i.GetLockCode                            0x08003590   Section        0  init.o(i.GetLockCode)
    i.GetSysTime_us                          0x080035a4   Section        0  delay.o(i.GetSysTime_us)
    i.HardFault_Handler                      0x080035e8   Section        0  stm32f10x_it.o(i.HardFault_Handler)
    i.I2C_ReadByte                           0x080035ec   Section        0  i2c_software.o(i.I2C_ReadByte)
    I2C_ReadByte                             0x080035ed   Thumb Code   186  i2c_software.o(i.I2C_ReadByte)
    i.I2C_Read_Bytes                         0x080036ac   Section        0  i2c_software.o(i.I2C_Read_Bytes)
    i.I2C_Read_One_Byte                      0x08003742   Section        0  i2c_software.o(i.I2C_Read_One_Byte)
    i.I2C_SendAck                            0x080037b0   Section        0  i2c_software.o(i.I2C_SendAck)
    I2C_SendAck                              0x080037b1   Thumb Code   210  i2c_software.o(i.I2C_SendAck)
    i.I2C_SendByte                           0x08003888   Section        0  i2c_software.o(i.I2C_SendByte)
    I2C_SendByte                             0x08003889   Thumb Code   182  i2c_software.o(i.I2C_SendByte)
    i.I2C_SoftWare_Init                      0x08003944   Section        0  i2c_software.o(i.I2C_SoftWare_Init)
    i.I2C_Start                              0x0800397c   Section        0  i2c_software.o(i.I2C_Start)
    I2C_Start                                0x0800397d   Thumb Code   144  i2c_software.o(i.I2C_Start)
    i.I2C_Stop                               0x08003a10   Section        0  i2c_software.o(i.I2C_Stop)
    I2C_Stop                                 0x08003a11   Thumb Code   152  i2c_software.o(i.I2C_Stop)
    i.I2C_WaitAck                            0x08003aac   Section        0  i2c_software.o(i.I2C_WaitAck)
    I2C_WaitAck                              0x08003aad   Thumb Code   178  i2c_software.o(i.I2C_WaitAck)
    i.I2C_Write_One_Byte                     0x08003b64   Section        0  i2c_software.o(i.I2C_Write_One_Byte)
    i.IWDG_Enable                            0x08003bc0   Section        0  stm32f10x_iwdg.o(i.IWDG_Enable)
    i.IWDG_Feed                              0x08003bd0   Section        0  iwdg.o(i.IWDG_Feed)
    i.IWDG_Init                              0x08003bd8   Section        0  iwdg.o(i.IWDG_Init)
    i.IWDG_ReloadCounter                     0x08003bfc   Section        0  stm32f10x_iwdg.o(i.IWDG_ReloadCounter)
    i.IWDG_SetPrescaler                      0x08003c0c   Section        0  stm32f10x_iwdg.o(i.IWDG_SetPrescaler)
    i.IWDG_SetReload                         0x08003c18   Section        0  stm32f10x_iwdg.o(i.IWDG_SetReload)
    i.IWDG_WriteAccessCmd                    0x08003c24   Section        0  stm32f10x_iwdg.o(i.IWDG_WriteAccessCmd)
    i.LEDInit                                0x08003c30   Section        0  led.o(i.LEDInit)
    i.Loop_Check                             0x08003c74   Section        0  scheduler.o(i.Loop_Check)
    i.MPU6050GetData                         0x08003ce0   Section        0  mpu6050.o(i.MPU6050GetData)
    i.MPU6050_Init                           0x08003dd4   Section        0  mpu6050.o(i.MPU6050_Init)
    i.Main_Loop                              0x08003ea0   Section        0  scheduler.o(i.Main_Loop)
    i.MemManage_Handler                      0x08003f44   Section        0  stm32f10x_it.o(i.MemManage_Handler)
    i.MotorControl                           0x08003f48   Section        0  control.o(i.MotorControl)
    i.Mpu6050GetOffset                       0x080041bc   Section        0  mpu6050.o(i.Mpu6050GetOffset)
    i.NMI_Handler                            0x080042e4   Section        0  stm32f10x_it.o(i.NMI_Handler)
    i.NRF24L01_Check                         0x080042e8   Section        0  nrf24l01.o(i.NRF24L01_Check)
    i.NRF24L01_Configuration                 0x08004334   Section        0  nrf24l01.o(i.NRF24L01_Configuration)
    i.NRF24L01_Read_Buf                      0x080043c0   Section        0  nrf24l01.o(i.NRF24L01_Read_Buf)
    i.NRF24L01_Read_Reg                      0x08004404   Section        0  nrf24l01.o(i.NRF24L01_Read_Reg)
    i.NRF24L01_Write_Buf                     0x08004430   Section        0  nrf24l01.o(i.NRF24L01_Write_Buf)
    i.NRF24L01_Write_Reg                     0x08004470   Section        0  nrf24l01.o(i.NRF24L01_Write_Reg)
    i.NRF24L01_init                          0x080044a0   Section        0  nrf24l01.o(i.NRF24L01_init)
    i.NRF_Connect                            0x0800451c   Section        0  nrf24l01.o(i.NRF_Connect)
    i.NVIC_Init                              0x0800457c   Section        0  misc.o(i.NVIC_Init)
    i.NVIC_PriorityGroupConfig               0x080045ec   Section        0  misc.o(i.NVIC_PriorityGroupConfig)
    i.PendSV_Handler                         0x08004600   Section        0  stm32f10x_it.o(i.PendSV_Handler)
    i.PilotLED                               0x08004604   Section        0  led.o(i.PilotLED)
    i.Q_rsqrt                                0x0800473c   Section        0  mymath.o(i.Q_rsqrt)
    i.RCC_ADCCLKConfig                       0x0800478c   Section        0  stm32f10x_rcc.o(i.RCC_ADCCLKConfig)
    i.RCC_AHBPeriphClockCmd                  0x080047a4   Section        0  stm32f10x_rcc.o(i.RCC_AHBPeriphClockCmd)
    i.RCC_APB1PeriphClockCmd                 0x080047c4   Section        0  stm32f10x_rcc.o(i.RCC_APB1PeriphClockCmd)
    i.RCC_APB2PeriphClockCmd                 0x080047e4   Section        0  stm32f10x_rcc.o(i.RCC_APB2PeriphClockCmd)
    i.RCC_GetClocksFreq                      0x08004804   Section        0  stm32f10x_rcc.o(i.RCC_GetClocksFreq)
    i.RC_Analy                               0x080048d8   Section        0  remote.o(i.RC_Analy)
    i.Rc_Connect                             0x08004a00   Section        0  remote.o(i.Rc_Connect)
    i.SPI_Cmd                                0x08004a08   Section        0  stm32f10x_spi.o(i.SPI_Cmd)
    i.SPI_Config                             0x08004a20   Section        0  spi.o(i.SPI_Config)
    i.SPI_I2S_GetFlagStatus                  0x08004ab4   Section        0  stm32f10x_spi.o(i.SPI_I2S_GetFlagStatus)
    i.SPI_I2S_ReceiveData                    0x08004ac6   Section        0  stm32f10x_spi.o(i.SPI_I2S_ReceiveData)
    i.SPI_I2S_SendData                       0x08004acc   Section        0  stm32f10x_spi.o(i.SPI_I2S_SendData)
    i.SPI_Init                               0x08004ad0   Section        0  stm32f10x_spi.o(i.SPI_Init)
    i.SPI_RW                                 0x08004b0c   Section        0  spi.o(i.SPI_RW)
    i.SVC_Handler                            0x08004b44   Section        0  stm32f10x_it.o(i.SVC_Handler)
    i.SetSysClock                            0x08004b46   Section        0  system_stm32f10x.o(i.SetSysClock)
    SetSysClock                              0x08004b47   Thumb Code     8  system_stm32f10x.o(i.SetSysClock)
    i.SetSysClockTo72                        0x08004b50   Section        0  system_stm32f10x.o(i.SetSysClockTo72)
    SetSysClockTo72                          0x08004b51   Thumb Code   214  system_stm32f10x.o(i.SetSysClockTo72)
    i.SysTick_Handler                        0x08004c30   Section        0  stm32f10x_it.o(i.SysTick_Handler)
    i.SysTick_IRQ                            0x08004c38   Section        0  delay.o(i.SysTick_IRQ)
    i.SystemInit                             0x08004c80   Section        0  system_stm32f10x.o(i.SystemInit)
    i.TIM2_PWM_Config                        0x08004ce0   Section        0  tim.o(i.TIM2_PWM_Config)
    i.TIM3_PWM_Config                        0x08004dc0   Section        0  tim.o(i.TIM3_PWM_Config)
    i.TIM_ARRPreloadConfig                   0x08004eb0   Section        0  stm32f10x_tim.o(i.TIM_ARRPreloadConfig)
    i.TIM_Cmd                                0x08004ec8   Section        0  stm32f10x_tim.o(i.TIM_Cmd)
    i.TIM_ITConfig                           0x08004ee0   Section        0  stm32f10x_tim.o(i.TIM_ITConfig)
    i.TIM_OC1Init                            0x08004ef4   Section        0  stm32f10x_tim.o(i.TIM_OC1Init)
    i.TIM_OC1PreloadConfig                   0x08004f8c   Section        0  stm32f10x_tim.o(i.TIM_OC1PreloadConfig)
    i.TIM_OC2Init                            0x08004fa0   Section        0  stm32f10x_tim.o(i.TIM_OC2Init)
    i.TIM_OC2PreloadConfig                   0x08005044   Section        0  stm32f10x_tim.o(i.TIM_OC2PreloadConfig)
    i.TIM_OC3Init                            0x08005060   Section        0  stm32f10x_tim.o(i.TIM_OC3Init)
    i.TIM_OC3PreloadConfig                   0x08005100   Section        0  stm32f10x_tim.o(i.TIM_OC3PreloadConfig)
    i.TIM_OC4Init                            0x08005114   Section        0  stm32f10x_tim.o(i.TIM_OC4Init)
    i.TIM_OC4PreloadConfig                   0x08005190   Section        0  stm32f10x_tim.o(i.TIM_OC4PreloadConfig)
    i.TIM_TimeBaseInit                       0x080051ac   Section        0  stm32f10x_tim.o(i.TIM_TimeBaseInit)
    i.USART1_IRQHandler                      0x08005250   Section        0  usart1.o(i.USART1_IRQHandler)
    i.USART3_Config                          0x080052d0   Section        0  usart3.o(i.USART3_Config)
    i.USART3_IRQHandler                      0x0800539c   Section        0  ano_dt.o(i.USART3_IRQHandler)
    i.USART3_SendByte                        0x08005414   Section        0  usart3.o(i.USART3_SendByte)
    i.USART_ClockInit                        0x08005444   Section        0  stm32f10x_usart.o(i.USART_ClockInit)
    i.USART_Cmd                              0x08005466   Section        0  stm32f10x_usart.o(i.USART_Cmd)
    i.USART_GetFlagStatus                    0x0800547e   Section        0  stm32f10x_usart.o(i.USART_GetFlagStatus)
    i.USART_ITConfig                         0x08005498   Section        0  stm32f10x_usart.o(i.USART_ITConfig)
    i.USART_Init                             0x080054e4   Section        0  stm32f10x_usart.o(i.USART_Init)
    i.USART_ReceiveData                      0x080055bc   Section        0  stm32f10x_usart.o(i.USART_ReceiveData)
    i.USART_SendData                         0x080055c6   Section        0  stm32f10x_usart.o(i.USART_SendData)
    i.UsageFault_Handler                     0x080055ce   Section        0  stm32f10x_it.o(i.UsageFault_Handler)
    i.Voltage_Check                          0x080055d4   Section        0  adc.o(i.Voltage_Check)
    i.__0printf$1                            0x080056e8   Section        0  printf1.o(i.__0printf$1)
    i.__ARM_fpclassify                       0x08005708   Section        0  fpclassify.o(i.__ARM_fpclassify)
    i.__ARM_fpclassifyf                      0x08005730   Section        0  fpclassifyf.o(i.__ARM_fpclassifyf)
    i.__kernel_poly                          0x08005756   Section        0  poly.o(i.__kernel_poly)
    i.__mathlib_dbl_infnan                   0x08005800   Section        0  dunder.o(i.__mathlib_dbl_infnan)
    i.__mathlib_dbl_invalid                  0x08005806   Section        0  dunder.o(i.__mathlib_dbl_invalid)
    i.__mathlib_dbl_underflow                0x08005814   Section        0  dunder.o(i.__mathlib_dbl_underflow)
    i.__mathlib_flt_infnan2                  0x08005824   Section        0  funder.o(i.__mathlib_flt_infnan2)
    i.__mathlib_flt_underflow                0x08005828   Section        0  funder.o(i.__mathlib_flt_underflow)
    i.__scatterload_copy                     0x08005832   Section       14  handlers.o(i.__scatterload_copy)
    i.__scatterload_null                     0x08005840   Section        2  handlers.o(i.__scatterload_null)
    i.__scatterload_zeroinit                 0x08005842   Section       14  handlers.o(i.__scatterload_zeroinit)
    i.__set_errno                            0x08005850   Section        0  errno.o(i.__set_errno)
    i._printf_core                           0x0800585c   Section        0  printf1.o(i._printf_core)
    _printf_core                             0x0800585d   Thumb Code   336  printf1.o(i._printf_core)
    i.asin                                   0x080059b0   Section        0  asin.o(i.asin)
    i.atan2f                                 0x08005c20   Section        0  atan2f.o(i.atan2f)
    i.cycleCounterInit                       0x08005e7c   Section        0  delay.o(i.cycleCounterInit)
    i.delay_ms                               0x08005ea0   Section        0  delay.o(i.delay_ms)
    i.fputc                                  0x08005ed0   Section        0  usart1.o(i.fputc)
    i.kalman_1                               0x08005ef4   Section        0  kalman.o(i.kalman_1)
    i.main                                   0x08005f4c   Section        0  main.o(i.main)
    i.pidRest                                0x08005fd0   Section        0  pid.o(i.pidRest)
    i.pidUpdate                              0x08005ffc   Section        0  pid.o(i.pidUpdate)
    i.pid_param_Init                         0x08006068   Section        0  init.o(i.pid_param_Init)
    i.remote_unlock                          0x08006140   Section        0  remote.o(i.remote_unlock)
    i.sqrt                                   0x08006260   Section        0  sqrt.o(i.sqrt)
    .constdata                               0x080062ac   Section       10  nrf24l01.o(.constdata)
    .constdata                               0x080062b8   Section       24  mymath.o(.constdata)
    .constdata                               0x080062d0   Section       80  asin.o(.constdata)
    pS                                       0x080062d0   Data          48  asin.o(.constdata)
    qS                                       0x08006300   Data          32  asin.o(.constdata)
    .data                                    0x20000000   Section       20  stm32f10x_rcc.o(.data)
    APBAHBPrescTable                         0x20000000   Data          16  stm32f10x_rcc.o(.data)
    ADCPrescTable                            0x20000010   Data           4  stm32f10x_rcc.o(.data)
    .data                                    0x20000014   Section       20  system_stm32f10x.o(.data)
    .data                                    0x20000028   Section       10  delay.o(.data)
    usTicks                                  0x20000028   Data           4  delay.o(.data)
    cnt                                      0x20000031   Data           1  delay.o(.data)
    .data                                    0x20000034   Section        9  scheduler.o(.data)
    .data                                    0x20000040   Section       19  init.o(.data)
    .data                                    0x20000054   Section       12  led.o(.data)
    LastTime                                 0x2000005c   Data           4  led.o(.data)
    .data                                    0x20000060   Section       76  mpu6050.o(.data)
    pMpu                                     0x20000060   Data           4  mpu6050.o(.data)
    ekf                                      0x20000064   Data          72  mpu6050.o(.data)
    .data                                    0x200000ac   Section       10  nrf24l01.o(.data)
    Connect_flag                             0x200000b5   Data           1  nrf24l01.o(.data)
    .data                                    0x200000b6   Section        3  usart1.o(.data)
    .data                                    0x200000ba   Section       10  adc.o(.data)
    cnt0                                     0x200000c0   Data           2  adc.o(.data)
    cnt1                                     0x200000c2   Data           2  adc.o(.data)
    .data                                    0x200000c4   Section       28  imu.o(.data)
    NormAccz                                 0x200000c4   Data           4  imu.o(.data)
    KpDef                                    0x200000c8   Data           4  imu.o(.data)
    KiDef                                    0x200000cc   Data           4  imu.o(.data)
    NumQ                                     0x200000d0   Data          16  imu.o(.data)
    .data                                    0x200000e0   Section       58  control.o(.data)
    status                                   0x20000118   Data           1  control.o(.data)
    status                                   0x20000119   Data           1  control.o(.data)
    .data                                    0x2000011a   Section        6  ano_data_transfer.o(.data)
    .data                                    0x20000120   Section       20  ano_dt.o(.data)
    ANTO_Recived_flag                        0x20000126   Data           1  ano_dt.o(.data)
    CheckSend                                0x20000127   Data           7  ano_dt.o(.data)
    status                                   0x20000130   Data           1  ano_dt.o(.data)
    _data_len                                0x20000131   Data           1  ano_dt.o(.data)
    _data_cnt                                0x20000132   Data           1  ano_dt.o(.data)
    state                                    0x20000133   Data           1  ano_dt.o(.data)
    .data                                    0x20000134   Section       13  remote.o(.data)
    cnt                                      0x20000138   Data           2  remote.o(.data)
    cnt_tmp                                  0x2000013a   Data           2  remote.o(.data)
    status                                   0x2000013c   Data           1  remote.o(.data)
    cnt                                      0x2000013e   Data           2  remote.o(.data)
    cnt                                      0x20000140   Data           1  remote.o(.data)
    .data                                    0x20000144   Section        4  stdout.o(.data)
    .data                                    0x20000148   Section        4  errno.o(.data)
    _errno                                   0x20000148   Data           4  errno.o(.data)
    .bss                                     0x2000014c   Section       60  scheduler.o(.bss)
    .bss                                     0x20000188   Section     1652  init.o(.bss)
    .bss                                     0x200007fc   Section       36  mpu6050.o(.bss)
    tBuff                                    0x20000808   Data          12  mpu6050.o(.bss)
    tBuff                                    0x20000814   Data          12  mpu6050.o(.bss)
    .bss                                     0x20000820   Section       64  nrf24l01.o(.bss)
    .bss                                     0x20000860   Section      256  usart1.o(.bss)
    .bss                                     0x20000960   Section       12  imu.o(.bss)
    GyroIntegError                           0x20000960   Data          12  imu.o(.bss)
    .bss                                     0x2000096c   Section       64  ano_data_transfer.o(.bss)
    .bss                                     0x200009ac   Section      378  ano_dt.o(.bss)
    RatePID                                  0x200009ac   Data          18  ano_dt.o(.bss)
    AnglePID                                 0x200009be   Data          18  ano_dt.o(.bss)
    HighPID                                  0x200009d0   Data          18  ano_dt.o(.bss)
    HighPID4                                 0x200009e2   Data          18  ano_dt.o(.bss)
    RxBuffer                                 0x20000af4   Data          50  ano_dt.o(.bss)
    STACK                                    0x20000b28   Section     1024  startup_stm32f10x_md.o(STACK)

    Global Symbols

    Symbol Name                              Value     Ov Type        Size  Object(Section)

    BuildAttributes$$THM_ISAv4$P$D$K$B$S$PE$A:L22UL41UL21$X:L11$S22US41US21$IEEE1$IW$USESV6$~STKCKD$USESV7$~SHL$OTIME$ROPI$IEEEX$EBA8$MICROLIB$REQ8$PRES8$EABIv2 0x00000000   Number         0  anon$$obj.o ABSOLUTE
    __ARM_use_no_argv                        0x00000000   Number         0  main.o ABSOLUTE
    _printf_a                                0x00000000   Number         0  stubs.o ABSOLUTE
    _printf_c                                0x00000000   Number         0  stubs.o ABSOLUTE
    _printf_charcount                        0x00000000   Number         0  stubs.o ABSOLUTE
    _printf_d                                0x00000000   Number         0  stubs.o ABSOLUTE
    _printf_e                                0x00000000   Number         0  stubs.o ABSOLUTE
    _printf_f                                0x00000000   Number         0  stubs.o ABSOLUTE
    _printf_flags                            0x00000000   Number         0  stubs.o ABSOLUTE
    _printf_fp_dec                           0x00000000   Number         0  stubs.o ABSOLUTE
    _printf_fp_hex                           0x00000000   Number         0  stubs.o ABSOLUTE
    _printf_g                                0x00000000   Number         0  stubs.o ABSOLUTE
    _printf_i                                0x00000000   Number         0  stubs.o ABSOLUTE
    _printf_int_dec                          0x00000000   Number         0  stubs.o ABSOLUTE
    _printf_l                                0x00000000   Number         0  stubs.o ABSOLUTE
    _printf_lc                               0x00000000   Number         0  stubs.o ABSOLUTE
    _printf_ll                               0x00000000   Number         0  stubs.o ABSOLUTE
    _printf_lld                              0x00000000   Number         0  stubs.o ABSOLUTE
    _printf_lli                              0x00000000   Number         0  stubs.o ABSOLUTE
    _printf_llo                              0x00000000   Number         0  stubs.o ABSOLUTE
    _printf_llu                              0x00000000   Number         0  stubs.o ABSOLUTE
    _printf_llx                              0x00000000   Number         0  stubs.o ABSOLUTE
    _printf_longlong_dec                     0x00000000   Number         0  stubs.o ABSOLUTE
    _printf_longlong_hex                     0x00000000   Number         0  stubs.o ABSOLUTE
    _printf_longlong_oct                     0x00000000   Number         0  stubs.o ABSOLUTE
    _printf_ls                               0x00000000   Number         0  stubs.o ABSOLUTE
    _printf_mbtowc                           0x00000000   Number         0  stubs.o ABSOLUTE
    _printf_n                                0x00000000   Number         0  stubs.o ABSOLUTE
    _printf_o                                0x00000000   Number         0  stubs.o ABSOLUTE
    _printf_p                                0x00000000   Number         0  stubs.o ABSOLUTE
    _printf_percent                          0x00000000   Number         0  stubs.o ABSOLUTE
    _printf_pre_padding                      0x00000000   Number         0  stubs.o ABSOLUTE
    _printf_return_value                     0x00000000   Number         0  stubs.o ABSOLUTE
    _printf_s                                0x00000000   Number         0  stubs.o ABSOLUTE
    _printf_sizespec                         0x00000000   Number         0  stubs.o ABSOLUTE
    _printf_str                              0x00000000   Number         0  stubs.o ABSOLUTE
    _printf_truncate_signed                  0x00000000   Number         0  stubs.o ABSOLUTE
    _printf_truncate_unsigned                0x00000000   Number         0  stubs.o ABSOLUTE
    _printf_u                                0x00000000   Number         0  stubs.o ABSOLUTE
    _printf_wc                               0x00000000   Number         0  stubs.o ABSOLUTE
    _printf_wctomb                           0x00000000   Number         0  stubs.o ABSOLUTE
    _printf_widthprec                        0x00000000   Number         0  stubs.o ABSOLUTE
    _printf_x                                0x00000000   Number         0  stubs.o ABSOLUTE
    __cpp_initialize__aeabi_                  - Undefined Weak Reference
    __cxa_finalize                            - Undefined Weak Reference
    _clock_init                               - Undefined Weak Reference
    _microlib_exit                            - Undefined Weak Reference
    __Vectors_Size                           0x000000ec   Number         0  startup_stm32f10x_md.o ABSOLUTE
    __Vectors                                0x08000000   Data           4  startup_stm32f10x_md.o(RESET)
    __Vectors_End                            0x080000ec   Data           0  startup_stm32f10x_md.o(RESET)
    __main                                   0x080000ed   Thumb Code     0  entry.o(.ARM.Collect$$$$00000000)
    _main_stk                                0x080000ed   Thumb Code     0  entry2.o(.ARM.Collect$$$$00000001)
    _main_scatterload                        0x080000f1   Thumb Code     0  entry5.o(.ARM.Collect$$$$00000004)
    __main_after_scatterload                 0x080000f5   Thumb Code     0  entry5.o(.ARM.Collect$$$$00000004)
    _main_clock                              0x080000f5   Thumb Code     0  entry7b.o(.ARM.Collect$$$$00000008)
    _main_cpp_init                           0x080000f5   Thumb Code     0  entry8b.o(.ARM.Collect$$$$0000000A)
    _main_init                               0x080000f5   Thumb Code     0  entry9a.o(.ARM.Collect$$$$0000000B)
    __rt_final_cpp                           0x080000fd   Thumb Code     0  entry10a.o(.ARM.Collect$$$$0000000D)
    __rt_final_exit                          0x080000fd   Thumb Code     0  entry11a.o(.ARM.Collect$$$$0000000F)
    Reset_Handler                            0x08000101   Thumb Code     8  startup_stm32f10x_md.o(.text)
    ADC1_2_IRQHandler                        0x0800011b   Thumb Code     0  startup_stm32f10x_md.o(.text)
    CAN1_RX1_IRQHandler                      0x0800011b   Thumb Code     0  startup_stm32f10x_md.o(.text)
    CAN1_SCE_IRQHandler                      0x0800011b   Thumb Code     0  startup_stm32f10x_md.o(.text)
    DMA1_Channel1_IRQHandler                 0x0800011b   Thumb Code     0  startup_stm32f10x_md.o(.text)
    DMA1_Channel2_IRQHandler                 0x0800011b   Thumb Code     0  startup_stm32f10x_md.o(.text)
    DMA1_Channel3_IRQHandler                 0x0800011b   Thumb Code     0  startup_stm32f10x_md.o(.text)
    DMA1_Channel4_IRQHandler                 0x0800011b   Thumb Code     0  startup_stm32f10x_md.o(.text)
    DMA1_Channel5_IRQHandler                 0x0800011b   Thumb Code     0  startup_stm32f10x_md.o(.text)
    DMA1_Channel6_IRQHandler                 0x0800011b   Thumb Code     0  startup_stm32f10x_md.o(.text)
    DMA1_Channel7_IRQHandler                 0x0800011b   Thumb Code     0  startup_stm32f10x_md.o(.text)
    EXTI0_IRQHandler                         0x0800011b   Thumb Code     0  startup_stm32f10x_md.o(.text)
    EXTI15_10_IRQHandler                     0x0800011b   Thumb Code     0  startup_stm32f10x_md.o(.text)
    EXTI1_IRQHandler                         0x0800011b   Thumb Code     0  startup_stm32f10x_md.o(.text)
    EXTI2_IRQHandler                         0x0800011b   Thumb Code     0  startup_stm32f10x_md.o(.text)
    EXTI3_IRQHandler                         0x0800011b   Thumb Code     0  startup_stm32f10x_md.o(.text)
    EXTI4_IRQHandler                         0x0800011b   Thumb Code     0  startup_stm32f10x_md.o(.text)
    EXTI9_5_IRQHandler                       0x0800011b   Thumb Code     0  startup_stm32f10x_md.o(.text)
    FLASH_IRQHandler                         0x0800011b   Thumb Code     0  startup_stm32f10x_md.o(.text)
    I2C1_ER_IRQHandler                       0x0800011b   Thumb Code     0  startup_stm32f10x_md.o(.text)
    I2C1_EV_IRQHandler                       0x0800011b   Thumb Code     0  startup_stm32f10x_md.o(.text)
    I2C2_ER_IRQHandler                       0x0800011b   Thumb Code     0  startup_stm32f10x_md.o(.text)
    I2C2_EV_IRQHandler                       0x0800011b   Thumb Code     0  startup_stm32f10x_md.o(.text)
    PVD_IRQHandler                           0x0800011b   Thumb Code     0  startup_stm32f10x_md.o(.text)
    RCC_IRQHandler                           0x0800011b   Thumb Code     0  startup_stm32f10x_md.o(.text)
    RTCAlarm_IRQHandler                      0x0800011b   Thumb Code     0  startup_stm32f10x_md.o(.text)
    RTC_IRQHandler                           0x0800011b   Thumb Code     0  startup_stm32f10x_md.o(.text)
    SPI1_IRQHandler                          0x0800011b   Thumb Code     0  startup_stm32f10x_md.o(.text)
    SPI2_IRQHandler                          0x0800011b   Thumb Code     0  startup_stm32f10x_md.o(.text)
    TAMPER_IRQHandler                        0x0800011b   Thumb Code     0  startup_stm32f10x_md.o(.text)
    TIM1_BRK_IRQHandler                      0x0800011b   Thumb Code     0  startup_stm32f10x_md.o(.text)
    TIM1_CC_IRQHandler                       0x0800011b   Thumb Code     0  startup_stm32f10x_md.o(.text)
    TIM1_TRG_COM_IRQHandler                  0x0800011b   Thumb Code     0  startup_stm32f10x_md.o(.text)
    TIM1_UP_IRQHandler                       0x0800011b   Thumb Code     0  startup_stm32f10x_md.o(.text)
    TIM2_IRQHandler                          0x0800011b   Thumb Code     0  startup_stm32f10x_md.o(.text)
    TIM3_IRQHandler                          0x0800011b   Thumb Code     0  startup_stm32f10x_md.o(.text)
    TIM4_IRQHandler                          0x0800011b   Thumb Code     0  startup_stm32f10x_md.o(.text)
    USART2_IRQHandler                        0x0800011b   Thumb Code     0  startup_stm32f10x_md.o(.text)
    USBWakeUp_IRQHandler                     0x0800011b   Thumb Code     0  startup_stm32f10x_md.o(.text)
    USB_HP_CAN1_TX_IRQHandler                0x0800011b   Thumb Code     0  startup_stm32f10x_md.o(.text)
    USB_LP_CAN1_RX0_IRQHandler               0x0800011b   Thumb Code     0  startup_stm32f10x_md.o(.text)
    WWDG_IRQHandler                          0x0800011b   Thumb Code     0  startup_stm32f10x_md.o(.text)
    __aeabi_memcpy                           0x08000125   Thumb Code    36  memcpya.o(.text)
    __aeabi_memcpy4                          0x08000125   Thumb Code     0  memcpya.o(.text)
    __aeabi_memcpy8                          0x08000125   Thumb Code     0  memcpya.o(.text)
    __aeabi_memset                           0x08000149   Thumb Code    14  memseta.o(.text)
    __aeabi_memset4                          0x08000149   Thumb Code     0  memseta.o(.text)
    __aeabi_memset8                          0x08000149   Thumb Code     0  memseta.o(.text)
    __aeabi_memclr                           0x08000157   Thumb Code     4  memseta.o(.text)
    __aeabi_memclr4                          0x08000157   Thumb Code     0  memseta.o(.text)
    __aeabi_memclr8                          0x08000157   Thumb Code     0  memseta.o(.text)
    _memset$wrapper                          0x0800015b   Thumb Code    18  memseta.o(.text)
    __aeabi_fadd                             0x0800016d   Thumb Code   164  fadd.o(.text)
    __aeabi_fsub                             0x08000211   Thumb Code     6  fadd.o(.text)
    __aeabi_frsub                            0x08000217   Thumb Code     6  fadd.o(.text)
    __aeabi_fmul                             0x0800021d   Thumb Code   100  fmul.o(.text)
    __aeabi_fdiv                             0x08000281   Thumb Code   124  fdiv.o(.text)
    __aeabi_dadd                             0x080002fd   Thumb Code   322  dadd.o(.text)
    __aeabi_dsub                             0x0800043f   Thumb Code     6  dadd.o(.text)
    __aeabi_drsub                            0x08000445   Thumb Code     6  dadd.o(.text)
    __aeabi_dmul                             0x0800044b   Thumb Code   228  dmul.o(.text)
    __aeabi_i2f                              0x0800052f   Thumb Code    18  fflti.o(.text)
    __aeabi_ui2f                             0x08000541   Thumb Code    10  ffltui.o(.text)
    __aeabi_f2iz                             0x0800054b   Thumb Code    50  ffixi.o(.text)
    __aeabi_f2uiz                            0x0800057d   Thumb Code    40  ffixui.o(.text)
    __aeabi_f2d                              0x080005a5   Thumb Code    38  f2d.o(.text)
    __aeabi_d2f                              0x080005cb   Thumb Code    56  d2f.o(.text)
    __aeabi_cfcmpeq                          0x08000605   Thumb Code     0  cfcmple.o(.text)
    __aeabi_cfcmple                          0x08000605   Thumb Code    20  cfcmple.o(.text)
    __aeabi_cfrcmple                         0x08000619   Thumb Code    20  cfrcmple.o(.text)
    __aeabi_uidiv                            0x0800062d   Thumb Code     0  uidiv.o(.text)
    __aeabi_uidivmod                         0x0800062d   Thumb Code    44  uidiv.o(.text)
    __aeabi_llsl                             0x08000659   Thumb Code    30  llshl.o(.text)
    _ll_shift_l                              0x08000659   Thumb Code     0  llshl.o(.text)
    __aeabi_lasr                             0x08000677   Thumb Code    36  llsshr.o(.text)
    _ll_sshift_r                             0x08000677   Thumb Code     0  llsshr.o(.text)
    __I$use$fp                               0x0800069b   Thumb Code     0  iusefp.o(.text)
    _float_round                             0x0800069b   Thumb Code    18  fepilogue.o(.text)
    _float_epilogue                          0x080006ad   Thumb Code    92  fepilogue.o(.text)
    __ARM_scalbnf                            0x08000709   Thumb Code    24  fscalb.o(.text)
    scalbnf                                  0x08000709   Thumb Code     0  fscalb.o(.text)
    _double_round                            0x08000721   Thumb Code    30  depilogue.o(.text)
    _double_epilogue                         0x0800073f   Thumb Code   156  depilogue.o(.text)
    __aeabi_ddiv                             0x080007db   Thumb Code   222  ddiv.o(.text)
    __ARM_scalbn                             0x080008b9   Thumb Code    46  dscalb.o(.text)
    scalbn                                   0x080008b9   Thumb Code     0  dscalb.o(.text)
    _dsqrt                                   0x080008e7   Thumb Code   162  dsqrt.o(.text)
    __scatterload                            0x08000989   Thumb Code    28  init.o(.text)
    __scatterload_rt2                        0x08000989   Thumb Code     0  init.o(.text)
    __aeabi_llsr                             0x080009ad   Thumb Code    32  llushr.o(.text)
    _ll_ushift_r                             0x080009ad   Thumb Code     0  llushr.o(.text)
    __decompress                             0x080009cd   Thumb Code     0  __dczerorl2.o(.text)
    __decompress1                            0x080009cd   Thumb Code    86  __dczerorl2.o(.text)
    ADC1_Init                                0x08000a55   Thumb Code    12  adc.o(i.ADC1_Init)
    ADC_Cmd                                  0x08000b41   Thumb Code    22  stm32f10x_adc.o(i.ADC_Cmd)
    ADC_DMACmd                               0x08000b57   Thumb Code    22  stm32f10x_adc.o(i.ADC_DMACmd)
    ADC_GetCalibrationStatus                 0x08000b6d   Thumb Code    20  stm32f10x_adc.o(i.ADC_GetCalibrationStatus)
    ADC_GetResetCalibrationStatus            0x08000b81   Thumb Code    20  stm32f10x_adc.o(i.ADC_GetResetCalibrationStatus)
    ADC_Init                                 0x08000b95   Thumb Code    70  stm32f10x_adc.o(i.ADC_Init)
    ADC_RegularChannelConfig                 0x08000be5   Thumb Code   184  stm32f10x_adc.o(i.ADC_RegularChannelConfig)
    ADC_ResetCalibration                     0x08000c9d   Thumb Code    10  stm32f10x_adc.o(i.ADC_ResetCalibration)
    ADC_SoftwareStartConvCmd                 0x08000ca7   Thumb Code    22  stm32f10x_adc.o(i.ADC_SoftwareStartConvCmd)
    ADC_StartCalibration                     0x08000cbd   Thumb Code    10  stm32f10x_adc.o(i.ADC_StartCalibration)
    ALL_Init                                 0x08000cc9   Thumb Code    62  init.o(i.ALL_Init)
    ANO_DT_Data_Exchange                     0x08000d15   Thumb Code  1416  ano_data_transfer.o(i.ANO_DT_Data_Exchange)
    ANO_DT_Data_Receive_Anl                  0x080012c5   Thumb Code   462  ano_dt.o(i.ANO_DT_Data_Receive_Anl)
    ANO_DT_Data_Receive_Prepare              0x080014b9   Thumb Code   216  ano_dt.o(i.ANO_DT_Data_Receive_Prepare)
    ANO_DT_Send_Data                         0x08001625   Thumb Code    16  ano_data_transfer.o(i.ANO_DT_Send_Data)
    ANO_DT_Send_PID                          0x08001635   Thumb Code   382  ano_data_transfer.o(i.ANO_DT_Send_PID)
    ANO_DT_Send_Power                        0x080017b9   Thumb Code   238  ano_data_transfer.o(i.ANO_DT_Send_Power)
    ANO_DT_Send_RCData                       0x080018ad   Thumb Code   350  ano_data_transfer.o(i.ANO_DT_Send_RCData)
    ANO_DT_Send_Senser                       0x08001a11   Thumb Code   406  ano_data_transfer.o(i.ANO_DT_Send_Senser)
    ANO_DT_Send_Senser2                      0x08001bad   Thumb Code   154  ano_data_transfer.o(i.ANO_DT_Send_Senser2)
    ANO_DT_Send_Status                       0x08001c4d   Thumb Code   318  ano_data_transfer.o(i.ANO_DT_Send_Status)
    ANO_DT_Send_speed                        0x08001d95   Thumb Code   176  ano_data_transfer.o(i.ANO_DT_Send_speed)
    ANO_NRF_Check_Event                      0x08001e49   Thumb Code    86  nrf24l01.o(i.ANO_NRF_Check_Event)
    ANO_NRF_Init                             0x08001ea9   Thumb Code   240  nrf24l01.o(i.ANO_NRF_Init)
    ANO_NRF_TxPacket_AP                      0x08001fa5   Thumb Code    36  nrf24l01.o(i.ANO_NRF_TxPacket_AP)
    ANO_Uart1_Init                           0x08001fcd   Thumb Code   204  usart1.o(i.ANO_Uart1_Init)
    ANTO_polling                             0x0800247d   Thumb Code   592  ano_dt.o(i.ANTO_polling)
    BusFault_Handler                         0x08002719   Thumb Code     4  stm32f10x_it.o(i.BusFault_Handler)
    CascadePID                               0x0800271d   Thumb Code    30  pid.o(i.CascadePID)
    DMA_Cmd                                  0x0800273b   Thumb Code    24  stm32f10x_dma.o(i.DMA_Cmd)
    DMA_DeInit                               0x08002755   Thumb Code   324  stm32f10x_dma.o(i.DMA_DeInit)
    DMA_Init                                 0x080028a1   Thumb Code    60  stm32f10x_dma.o(i.DMA_Init)
    DebugMon_Handler                         0x080028dd   Thumb Code     2  stm32f10x_it.o(i.DebugMon_Handler)
    Duty_1000ms                              0x080028e1   Thumb Code   128  scheduler.o(i.Duty_1000ms)
    Duty_10ms                                0x0800298d   Thumb Code    30  scheduler.o(i.Duty_10ms)
    Duty_20ms                                0x080029b1   Thumb Code    30  scheduler.o(i.Duty_20ms)
    Duty_2ms                                 0x080029d5   Thumb Code    40  scheduler.o(i.Duty_2ms)
    Duty_4ms                                 0x08002a05   Thumb Code    38  scheduler.o(i.Duty_4ms)
    Duty_50ms                                0x08002a31   Thumb Code    38  scheduler.o(i.Duty_50ms)
    Duty_6ms                                 0x08002a5d   Thumb Code    36  scheduler.o(i.Duty_6ms)
    Flag_Check                               0x08002a91   Thumb Code   134  ano_data_transfer.o(i.Flag_Check)
    FlightPidControl                         0x08002b39   Thumb Code   272  control.o(i.FlightPidControl)
    GPIO_Init                                0x08002c79   Thumb Code   278  stm32f10x_gpio.o(i.GPIO_Init)
    GPIO_PinRemapConfig                      0x08002d91   Thumb Code   138  stm32f10x_gpio.o(i.GPIO_PinRemapConfig)
    GPIO_SetBits                             0x08002e21   Thumb Code     4  stm32f10x_gpio.o(i.GPIO_SetBits)
    GetAngle                                 0x08002e25   Thumb Code  1880  imu.o(i.GetAngle)
    GetLockCode                              0x08003591   Thumb Code    10  init.o(i.GetLockCode)
    GetSysTime_us                            0x080035a5   Thumb Code    58  delay.o(i.GetSysTime_us)
    HardFault_Handler                        0x080035e9   Thumb Code     4  stm32f10x_it.o(i.HardFault_Handler)
    I2C_Read_Bytes                           0x080036ad   Thumb Code   150  i2c_software.o(i.I2C_Read_Bytes)
    I2C_Read_One_Byte                        0x08003743   Thumb Code   110  i2c_software.o(i.I2C_Read_One_Byte)
    I2C_SoftWare_Init                        0x08003945   Thumb Code    50  i2c_software.o(i.I2C_SoftWare_Init)
    I2C_Write_One_Byte                       0x08003b65   Thumb Code    92  i2c_software.o(i.I2C_Write_One_Byte)
    IWDG_Enable                              0x08003bc1   Thumb Code    10  stm32f10x_iwdg.o(i.IWDG_Enable)
    IWDG_Feed                                0x08003bd1   Thumb Code     8  iwdg.o(i.IWDG_Feed)
    IWDG_Init                                0x08003bd9   Thumb Code    36  iwdg.o(i.IWDG_Init)
    IWDG_ReloadCounter                       0x08003bfd   Thumb Code    10  stm32f10x_iwdg.o(i.IWDG_ReloadCounter)
    IWDG_SetPrescaler                        0x08003c0d   Thumb Code     6  stm32f10x_iwdg.o(i.IWDG_SetPrescaler)
    IWDG_SetReload                           0x08003c19   Thumb Code     6  stm32f10x_iwdg.o(i.IWDG_SetReload)
    IWDG_WriteAccessCmd                      0x08003c25   Thumb Code     6  stm32f10x_iwdg.o(i.IWDG_WriteAccessCmd)
    LEDInit                                  0x08003c31   Thumb Code    56  led.o(i.LEDInit)
    Loop_Check                               0x08003c75   Thumb Code   102  scheduler.o(i.Loop_Check)
    MPU6050GetData                           0x08003ce1   Thumb Code   220  mpu6050.o(i.MPU6050GetData)
    MPU6050_Init                             0x08003dd5   Thumb Code   178  mpu6050.o(i.MPU6050_Init)
    Main_Loop                                0x08003ea1   Thumb Code   160  scheduler.o(i.Main_Loop)
    MemManage_Handler                        0x08003f45   Thumb Code     4  stm32f10x_it.o(i.MemManage_Handler)
    MotorControl                             0x08003f49   Thumb Code   594  control.o(i.MotorControl)
    Mpu6050GetOffset                         0x080041bd   Thumb Code   284  mpu6050.o(i.Mpu6050GetOffset)
    NMI_Handler                              0x080042e5   Thumb Code     2  stm32f10x_it.o(i.NMI_Handler)
    NRF24L01_Check                           0x080042e9   Thumb Code    68  nrf24l01.o(i.NRF24L01_Check)
    NRF24L01_Configuration                   0x08004335   Thumb Code   132  nrf24l01.o(i.NRF24L01_Configuration)
    NRF24L01_Read_Buf                        0x080043c1   Thumb Code    62  nrf24l01.o(i.NRF24L01_Read_Buf)
    NRF24L01_Read_Reg                        0x08004405   Thumb Code    40  nrf24l01.o(i.NRF24L01_Read_Reg)
    NRF24L01_Write_Buf                       0x08004431   Thumb Code    60  nrf24l01.o(i.NRF24L01_Write_Buf)
    NRF24L01_Write_Reg                       0x08004471   Thumb Code    42  nrf24l01.o(i.NRF24L01_Write_Reg)
    NRF24L01_init                            0x080044a1   Thumb Code   106  nrf24l01.o(i.NRF24L01_init)
    NRF_Connect                              0x0800451d   Thumb Code    78  nrf24l01.o(i.NRF_Connect)
    NVIC_Init                                0x0800457d   Thumb Code   100  misc.o(i.NVIC_Init)
    NVIC_PriorityGroupConfig                 0x080045ed   Thumb Code    10  misc.o(i.NVIC_PriorityGroupConfig)
    PendSV_Handler                           0x08004601   Thumb Code     2  stm32f10x_it.o(i.PendSV_Handler)
    PilotLED                                 0x08004605   Thumb Code   294  led.o(i.PilotLED)
    Q_rsqrt                                  0x0800473d   Thumb Code    74  mymath.o(i.Q_rsqrt)
    RCC_ADCCLKConfig                         0x0800478d   Thumb Code    18  stm32f10x_rcc.o(i.RCC_ADCCLKConfig)
    RCC_AHBPeriphClockCmd                    0x080047a5   Thumb Code    26  stm32f10x_rcc.o(i.RCC_AHBPeriphClockCmd)
    RCC_APB1PeriphClockCmd                   0x080047c5   Thumb Code    26  stm32f10x_rcc.o(i.RCC_APB1PeriphClockCmd)
    RCC_APB2PeriphClockCmd                   0x080047e5   Thumb Code    26  stm32f10x_rcc.o(i.RCC_APB2PeriphClockCmd)
    RCC_GetClocksFreq                        0x08004805   Thumb Code   192  stm32f10x_rcc.o(i.RCC_GetClocksFreq)
    RC_Analy                                 0x080048d9   Thumb Code   250  remote.o(i.RC_Analy)
    Rc_Connect                               0x08004a01   Thumb Code     8  remote.o(i.Rc_Connect)
    SPI_Cmd                                  0x08004a09   Thumb Code    24  stm32f10x_spi.o(i.SPI_Cmd)
    SPI_Config                               0x08004a21   Thumb Code   140  spi.o(i.SPI_Config)
    SPI_I2S_GetFlagStatus                    0x08004ab5   Thumb Code    18  stm32f10x_spi.o(i.SPI_I2S_GetFlagStatus)
    SPI_I2S_ReceiveData                      0x08004ac7   Thumb Code     6  stm32f10x_spi.o(i.SPI_I2S_ReceiveData)
    SPI_I2S_SendData                         0x08004acd   Thumb Code     4  stm32f10x_spi.o(i.SPI_I2S_SendData)
    SPI_Init                                 0x08004ad1   Thumb Code    60  stm32f10x_spi.o(i.SPI_Init)
    SPI_RW                                   0x08004b0d   Thumb Code    50  spi.o(i.SPI_RW)
    SVC_Handler                              0x08004b45   Thumb Code     2  stm32f10x_it.o(i.SVC_Handler)
    SysTick_Handler                          0x08004c31   Thumb Code     8  stm32f10x_it.o(i.SysTick_Handler)
    SysTick_IRQ                              0x08004c39   Thumb Code    60  delay.o(i.SysTick_IRQ)
    SystemInit                               0x08004c81   Thumb Code    78  system_stm32f10x.o(i.SystemInit)
    TIM2_PWM_Config                          0x08004ce1   Thumb Code   216  tim.o(i.TIM2_PWM_Config)
    TIM3_PWM_Config                          0x08004dc1   Thumb Code   222  tim.o(i.TIM3_PWM_Config)
    TIM_ARRPreloadConfig                     0x08004eb1   Thumb Code    24  stm32f10x_tim.o(i.TIM_ARRPreloadConfig)
    TIM_Cmd                                  0x08004ec9   Thumb Code    24  stm32f10x_tim.o(i.TIM_Cmd)
    TIM_ITConfig                             0x08004ee1   Thumb Code    18  stm32f10x_tim.o(i.TIM_ITConfig)
    TIM_OC1Init                              0x08004ef5   Thumb Code   132  stm32f10x_tim.o(i.TIM_OC1Init)
    TIM_OC1PreloadConfig                     0x08004f8d   Thumb Code    18  stm32f10x_tim.o(i.TIM_OC1PreloadConfig)
    TIM_OC2Init                              0x08004fa1   Thumb Code   154  stm32f10x_tim.o(i.TIM_OC2Init)
    TIM_OC2PreloadConfig                     0x08005045   Thumb Code    26  stm32f10x_tim.o(i.TIM_OC2PreloadConfig)
    TIM_OC3Init                              0x08005061   Thumb Code   150  stm32f10x_tim.o(i.TIM_OC3Init)
    TIM_OC3PreloadConfig                     0x08005101   Thumb Code    18  stm32f10x_tim.o(i.TIM_OC3PreloadConfig)
    TIM_OC4Init                              0x08005115   Thumb Code   114  stm32f10x_tim.o(i.TIM_OC4Init)
    TIM_OC4PreloadConfig                     0x08005191   Thumb Code    26  stm32f10x_tim.o(i.TIM_OC4PreloadConfig)
    TIM_TimeBaseInit                         0x080051ad   Thumb Code   122  stm32f10x_tim.o(i.TIM_TimeBaseInit)
    USART1_IRQHandler                        0x08005251   Thumb Code   112  usart1.o(i.USART1_IRQHandler)
    USART3_Config                            0x080052d1   Thumb Code   196  usart3.o(i.USART3_Config)
    USART3_IRQHandler                        0x0800539d   Thumb Code   102  ano_dt.o(i.USART3_IRQHandler)
    USART3_SendByte                          0x08005415   Thumb Code    44  usart3.o(i.USART3_SendByte)
    USART_ClockInit                          0x08005445   Thumb Code    34  stm32f10x_usart.o(i.USART_ClockInit)
    USART_Cmd                                0x08005467   Thumb Code    24  stm32f10x_usart.o(i.USART_Cmd)
    USART_GetFlagStatus                      0x0800547f   Thumb Code    26  stm32f10x_usart.o(i.USART_GetFlagStatus)
    USART_ITConfig                           0x08005499   Thumb Code    74  stm32f10x_usart.o(i.USART_ITConfig)
    USART_Init                               0x080054e5   Thumb Code   210  stm32f10x_usart.o(i.USART_Init)
    USART_ReceiveData                        0x080055bd   Thumb Code    10  stm32f10x_usart.o(i.USART_ReceiveData)
    USART_SendData                           0x080055c7   Thumb Code     8  stm32f10x_usart.o(i.USART_SendData)
    UsageFault_Handler                       0x080055cf   Thumb Code     4  stm32f10x_it.o(i.UsageFault_Handler)
    Voltage_Check                            0x080055d5   Thumb Code   242  adc.o(i.Voltage_Check)
    __0printf$1                              0x080056e9   Thumb Code    22  printf1.o(i.__0printf$1)
    __1printf$1                              0x080056e9   Thumb Code     0  printf1.o(i.__0printf$1)
    __2printf                                0x080056e9   Thumb Code     0  printf1.o(i.__0printf$1)
    __ARM_fpclassify                         0x08005709   Thumb Code    40  fpclassify.o(i.__ARM_fpclassify)
    __ARM_fpclassifyf                        0x08005731   Thumb Code    38  fpclassifyf.o(i.__ARM_fpclassifyf)
    __kernel_poly                            0x08005757   Thumb Code   170  poly.o(i.__kernel_poly)
    __mathlib_dbl_infnan                     0x08005801   Thumb Code     6  dunder.o(i.__mathlib_dbl_infnan)
    __mathlib_dbl_invalid                    0x08005807   Thumb Code    12  dunder.o(i.__mathlib_dbl_invalid)
    __mathlib_dbl_underflow                  0x08005815   Thumb Code    10  dunder.o(i.__mathlib_dbl_underflow)
    __mathlib_flt_infnan2                    0x08005825   Thumb Code     4  funder.o(i.__mathlib_flt_infnan2)
    __mathlib_flt_underflow                  0x08005829   Thumb Code    10  funder.o(i.__mathlib_flt_underflow)
    __scatterload_copy                       0x08005833   Thumb Code    14  handlers.o(i.__scatterload_copy)
    __scatterload_null                       0x08005841   Thumb Code     2  handlers.o(i.__scatterload_null)
    __scatterload_zeroinit                   0x08005843   Thumb Code    14  handlers.o(i.__scatterload_zeroinit)
    __set_errno                              0x08005851   Thumb Code     6  errno.o(i.__set_errno)
    asin                                     0x080059b1   Thumb Code   572  asin.o(i.asin)
    atan2f                                   0x08005c21   Thumb Code   528  atan2f.o(i.atan2f)
    cycleCounterInit                         0x08005e7d   Thumb Code    26  delay.o(i.cycleCounterInit)
    delay_ms                                 0x08005ea1   Thumb Code    44  delay.o(i.delay_ms)
    fputc                                    0x08005ed1   Thumb Code    32  usart1.o(i.fputc)
    kalman_1                                 0x08005ef5   Thumb Code    88  kalman.o(i.kalman_1)
    main                                     0x08005f4d   Thumb Code   118  main.o(i.main)
    pidRest                                  0x08005fd1   Thumb Code    44  pid.o(i.pidRest)
    pidUpdate                                0x08005ffd   Thumb Code   106  pid.o(i.pidUpdate)
    pid_param_Init                           0x08006069   Thumb Code   142  init.o(i.pid_param_Init)
    remote_unlock                            0x08006141   Thumb Code   264  remote.o(i.remote_unlock)
    sqrt                                     0x08006261   Thumb Code    76  sqrt.o(i.sqrt)
    TX_ADDRESS                               0x080062ac   Data           5  nrf24l01.o(.constdata)
    RX_ADDRESS                               0x080062b1   Data           5  nrf24l01.o(.constdata)
    M_PI                                     0x080062b8   Data           4  mymath.o(.constdata)
    RtA                                      0x080062bc   Data           4  mymath.o(.constdata)
    AtR                                      0x080062c0   Data           4  mymath.o(.constdata)
    Gyro_G                                   0x080062c4   Data           4  mymath.o(.constdata)
    Gyro_Gr                                  0x080062c8   Data           4  mymath.o(.constdata)
    PI_2                                     0x080062cc   Data           4  mymath.o(.constdata)
    Region$$Table$$Base                      0x08006320   Number         0  anon$$obj.o(Region$$Table)
    Region$$Table$$Limit                     0x08006340   Number         0  anon$$obj.o(Region$$Table)
    SystemCoreClock                          0x20000014   Data           4  system_stm32f10x.o(.data)
    AHBPrescTable                            0x20000018   Data          16  system_stm32f10x.o(.data)
    SysTick_count22                          0x2000002c   Data           4  delay.o(.data)
    sys_init_ok                              0x20000030   Data           1  delay.o(.data)
    time_sum                                 0x20000034   Data           4  scheduler.o(.data)
    Flow_SSI_CNT                             0x20000038   Data           1  scheduler.o(.data)
    Locat_SSI_CNT                            0x20000039   Data           1  scheduler.o(.data)
    Locat_SSI                                0x2000003a   Data           1  scheduler.o(.data)
    Flow_SSI                                 0x2000003b   Data           1  scheduler.o(.data)
    Locat_Mode                               0x2000003c   Data           1  scheduler.o(.data)
    SysTick_count                            0x20000040   Data           4  init.o(.data)
    spl_flag                                 0x20000044   Data           1  init.o(.data)
    AK8975                                   0x20000046   Data           6  init.o(.data)
    ST_CpuID                                 0x2000004c   Data           4  init.o(.data)
    Command                                  0x20000050   Data           3  init.o(.data)
    LED                                      0x20000054   Data           4  led.o(.data)
    LED_warn                                 0x20000058   Data           1  led.o(.data)
    MPU_Err                                  0x200000ac   Data           1  nrf24l01.o(.data)
    NRF_Err                                  0x200000ad   Data           1  nrf24l01.o(.data)
    SPL_Err                                  0x200000ae   Data           1  nrf24l01.o(.data)
    NRF_SSI                                  0x200000af   Data           1  nrf24l01.o(.data)
    NRF_SSI_CNT                              0x200000b0   Data           1  nrf24l01.o(.data)
    Nrf_Erro                                 0x200000b2   Data           2  nrf24l01.o(.data)
    _CH                                      0x200000b4   Data           1  nrf24l01.o(.data)
    TxCounter                                0x200000b6   Data           1  usart1.o(.data)
    count                                    0x200000b7   Data           1  usart1.o(.data)
    com_data                                 0x200000b8   Data           1  usart1.o(.data)
    ADC_ConvertedValue                       0x200000ba   Data           4  adc.o(.data)
    voltage                                  0x200000be   Data           2  adc.o(.data)
    pPidObject                               0x200000e0   Data          48  control.o(.data)
    motor                                    0x20000110   Data           8  control.o(.data)
    ult_ok                                   0x2000011a   Data           1  ano_data_transfer.o(.data)
    Locat_Err                                0x2000011b   Data           1  ano_data_transfer.o(.data)
    Flow_Err                                 0x2000011c   Data           1  ano_data_transfer.o(.data)
    cnt                                      0x2000011d   Data           1  ano_data_transfer.o(.data)
    yaw_lock                                 0x2000011e   Data           1  ano_data_transfer.o(.data)
    Send_Check                               0x2000011f   Data           1  ano_data_transfer.o(.data)
    flag                                     0x20000120   Data           6  ano_dt.o(.data)
    TxCounter3                               0x2000012e   Data           1  ano_dt.o(.data)
    count3                                   0x2000012f   Data           1  ano_dt.o(.data)
    test_flag                                0x20000134   Data           2  remote.o(.data)
    set_flag                                 0x20000136   Data           2  remote.o(.data)
    __stdout                                 0x20000144   Data           4  stdout.o(.data)
    loop                                     0x2000014c   Data          18  scheduler.o(.bss)
    time                                     0x20000160   Data          40  scheduler.o(.bss)
    MPU6050                                  0x20000188   Data          12  init.o(.bss)
    Angle                                    0x20000194   Data          12  init.o(.bss)
    Remote                                   0x200001a0   Data          22  init.o(.bss)
    ALL_flag                                 0x200001b8   Data          12  init.o(.bss)
    FlightData                               0x200001c4   Data          16  init.o(.bss)
    pidRateX                                 0x200001d4   Data         128  init.o(.bss)
    pidRateY                                 0x20000254   Data         128  init.o(.bss)
    pidRateZ                                 0x200002d4   Data         128  init.o(.bss)
    pidPitch                                 0x20000354   Data         128  init.o(.bss)
    pidRoll                                  0x200003d4   Data         128  init.o(.bss)
    pidYaw                                   0x20000454   Data         128  init.o(.bss)
    pidHeightRate                            0x200004d4   Data         128  init.o(.bss)
    pidHeightHigh                            0x20000554   Data         128  init.o(.bss)
    Flow_PosPid_x                            0x200005d4   Data         128  init.o(.bss)
    Flow_PosPid_y                            0x20000654   Data         128  init.o(.bss)
    Flow_SpeedPid_x                          0x200006d4   Data         128  init.o(.bss)
    Flow_SpeedPid_y                          0x20000754   Data         128  init.o(.bss)
    IMU                                      0x200007d4   Data          40  init.o(.bss)
    MpuOffset                                0x200007fc   Data          12  mpu6050.o(.bss)
    NRF24L01_2_RXDATA                        0x20000820   Data          32  nrf24l01.o(.bss)
    NRF24L01_2_TXDATA                        0x20000840   Data          32  nrf24l01.o(.bss)
    TxBuffer                                 0x20000860   Data         256  usart1.o(.bss)
    f                                        0x2000096c   Data          14  ano_data_transfer.o(.bss)
    data_to_send                             0x2000097a   Data          50  ano_data_transfer.o(.bss)
    TxBuffer3                                0x200009f4   Data         256  ano_dt.o(.bss)
    __initial_sp                             0x20000f28   Data           0  startup_stm32f10x_md.o(STACK)



==============================================================================

Memory Map of the image

  Image Entry point : 0x080000ed

  Load Region LR_IROM1 (Base: 0x08000000, Size: 0x0000648c, Max: 0x00010000, ABSOLUTE, COMPRESSED[0x000063b8])

    Execution Region ER_IROM1 (Exec base: 0x08000000, Load base: 0x08000000, Size: 0x00006340, Max: 0x00010000, ABSOLUTE)

    Exec Addr    Load Addr    Size         Type   Attr      Idx    E Section Name        Object

    0x08000000   0x08000000   0x000000ec   Data   RO         3069    RESET               startup_stm32f10x_md.o
    0x080000ec   0x080000ec   0x00000000   Code   RO         4544  * .ARM.Collect$$$$00000000  mc_w.l(entry.o)
    0x080000ec   0x080000ec   0x00000004   Code   RO         4882    .ARM.Collect$$$$00000001  mc_w.l(entry2.o)
    0x080000f0   0x080000f0   0x00000004   Code   RO         4885    .ARM.Collect$$$$00000004  mc_w.l(entry5.o)
    0x080000f4   0x080000f4   0x00000000   Code   RO         4887    .ARM.Collect$$$$00000008  mc_w.l(entry7b.o)
    0x080000f4   0x080000f4   0x00000000   Code   RO         4889    .ARM.Collect$$$$0000000A  mc_w.l(entry8b.o)
    0x080000f4   0x080000f4   0x00000008   Code   RO         4890    .ARM.Collect$$$$0000000B  mc_w.l(entry9a.o)
    0x080000fc   0x080000fc   0x00000000   Code   RO         4892    .ARM.Collect$$$$0000000D  mc_w.l(entry10a.o)
    0x080000fc   0x080000fc   0x00000000   Code   RO         4894    .ARM.Collect$$$$0000000F  mc_w.l(entry11a.o)
    0x080000fc   0x080000fc   0x00000004   Code   RO         4883    .ARM.Collect$$$$00002712  mc_w.l(entry2.o)
    0x08000100   0x08000100   0x00000024   Code   RO         3070    .text               startup_stm32f10x_md.o
    0x08000124   0x08000124   0x00000024   Code   RO         4547    .text               mc_w.l(memcpya.o)
    0x08000148   0x08000148   0x00000024   Code   RO         4549    .text               mc_w.l(memseta.o)
    0x0800016c   0x0800016c   0x000000b0   Code   RO         4814    .text               mf_w.l(fadd.o)
    0x0800021c   0x0800021c   0x00000064   Code   RO         4816    .text               mf_w.l(fmul.o)
    0x08000280   0x08000280   0x0000007c   Code   RO         4818    .text               mf_w.l(fdiv.o)
    0x080002fc   0x080002fc   0x0000014e   Code   RO         4820    .text               mf_w.l(dadd.o)
    0x0800044a   0x0800044a   0x000000e4   Code   RO         4822    .text               mf_w.l(dmul.o)
    0x0800052e   0x0800052e   0x00000012   Code   RO         4824    .text               mf_w.l(fflti.o)
    0x08000540   0x08000540   0x0000000a   Code   RO         4826    .text               mf_w.l(ffltui.o)
    0x0800054a   0x0800054a   0x00000032   Code   RO         4828    .text               mf_w.l(ffixi.o)
    0x0800057c   0x0800057c   0x00000028   Code   RO         4830    .text               mf_w.l(ffixui.o)
    0x080005a4   0x080005a4   0x00000026   Code   RO         4832    .text               mf_w.l(f2d.o)
    0x080005ca   0x080005ca   0x00000038   Code   RO         4834    .text               mf_w.l(d2f.o)
    0x08000602   0x08000602   0x00000002   PAD
    0x08000604   0x08000604   0x00000014   Code   RO         4836    .text               mf_w.l(cfcmple.o)
    0x08000618   0x08000618   0x00000014   Code   RO         4838    .text               mf_w.l(cfrcmple.o)
    0x0800062c   0x0800062c   0x0000002c   Code   RO         4897    .text               mc_w.l(uidiv.o)
    0x08000658   0x08000658   0x0000001e   Code   RO         4901    .text               mc_w.l(llshl.o)
    0x08000676   0x08000676   0x00000024   Code   RO         4903    .text               mc_w.l(llsshr.o)
    0x0800069a   0x0800069a   0x00000000   Code   RO         4912    .text               mc_w.l(iusefp.o)
    0x0800069a   0x0800069a   0x0000006e   Code   RO         4913    .text               mf_w.l(fepilogue.o)
    0x08000708   0x08000708   0x00000018   Code   RO         4915    .text               mf_w.l(fscalb.o)
    0x08000720   0x08000720   0x000000ba   Code   RO         4917    .text               mf_w.l(depilogue.o)
    0x080007da   0x080007da   0x000000de   Code   RO         4919    .text               mf_w.l(ddiv.o)
    0x080008b8   0x080008b8   0x0000002e   Code   RO         4921    .text               mf_w.l(dscalb.o)
    0x080008e6   0x080008e6   0x000000a2   Code   RO         4923    .text               mf_w.l(dsqrt.o)
    0x08000988   0x08000988   0x00000024   Code   RO         4931    .text               mc_w.l(init.o)
    0x080009ac   0x080009ac   0x00000020   Code   RO         4933    .text               mc_w.l(llushr.o)
    0x080009cc   0x080009cc   0x00000056   Code   RO         4945    .text               mc_w.l(__dczerorl2.o)
    0x08000a22   0x08000a22   0x00000002   PAD
    0x08000a24   0x08000a24   0x00000030   Code   RO         3781    i.ADC1_GPIO_Init    adc.o
    0x08000a54   0x08000a54   0x0000000c   Code   RO         3782    i.ADC1_Init         adc.o
    0x08000a60   0x08000a60   0x000000e0   Code   RO         3783    i.ADC1_Mode_Config  adc.o
    0x08000b40   0x08000b40   0x00000016   Code   RO          104    i.ADC_Cmd           stm32f10x_adc.o
    0x08000b56   0x08000b56   0x00000016   Code   RO          105    i.ADC_DMACmd        stm32f10x_adc.o
    0x08000b6c   0x08000b6c   0x00000014   Code   RO          112    i.ADC_GetCalibrationStatus  stm32f10x_adc.o
    0x08000b80   0x08000b80   0x00000014   Code   RO          118    i.ADC_GetResetCalibrationStatus  stm32f10x_adc.o
    0x08000b94   0x08000b94   0x00000050   Code   RO          122    i.ADC_Init          stm32f10x_adc.o
    0x08000be4   0x08000be4   0x000000b8   Code   RO          126    i.ADC_RegularChannelConfig  stm32f10x_adc.o
    0x08000c9c   0x08000c9c   0x0000000a   Code   RO          127    i.ADC_ResetCalibration  stm32f10x_adc.o
    0x08000ca6   0x08000ca6   0x00000016   Code   RO          129    i.ADC_SoftwareStartConvCmd  stm32f10x_adc.o
    0x08000cbc   0x08000cbc   0x0000000a   Code   RO          131    i.ADC_StartCalibration  stm32f10x_adc.o
    0x08000cc6   0x08000cc6   0x00000002   PAD
    0x08000cc8   0x08000cc8   0x0000004c   Code   RO         3429    i.ALL_Init          init.o
    0x08000d14   0x08000d14   0x000005b0   Code   RO         4297    i.ANO_DT_Data_Exchange  ano_data_transfer.o
    0x080012c4   0x080012c4   0x000001f4   Code   RO         4395    i.ANO_DT_Data_Receive_Anl  ano_dt.o
    0x080014b8   0x080014b8   0x000000e8   Code   RO         4396    i.ANO_DT_Data_Receive_Prepare  ano_dt.o
    0x080015a0   0x080015a0   0x00000084   Code   RO         4397    i.ANO_DT_Send_Check  ano_dt.o
    0x08001624   0x08001624   0x00000010   Code   RO         4298    i.ANO_DT_Send_Data  ano_data_transfer.o
    0x08001634   0x08001634   0x00000184   Code   RO         4301    i.ANO_DT_Send_PID   ano_data_transfer.o
    0x080017b8   0x080017b8   0x000000f4   Code   RO         4302    i.ANO_DT_Send_Power  ano_data_transfer.o
    0x080018ac   0x080018ac   0x00000164   Code   RO         4303    i.ANO_DT_Send_RCData  ano_data_transfer.o
    0x08001a10   0x08001a10   0x0000019c   Code   RO         4304    i.ANO_DT_Send_Senser  ano_data_transfer.o
    0x08001bac   0x08001bac   0x000000a0   Code   RO         4305    i.ANO_DT_Send_Senser2  ano_data_transfer.o
    0x08001c4c   0x08001c4c   0x00000148   Code   RO         4307    i.ANO_DT_Send_Status  ano_data_transfer.o
    0x08001d94   0x08001d94   0x000000b4   Code   RO         4309    i.ANO_DT_Send_speed  ano_data_transfer.o
    0x08001e48   0x08001e48   0x00000060   Code   RO         3553    i.ANO_NRF_Check_Event  nrf24l01.o
    0x08001ea8   0x08001ea8   0x000000fc   Code   RO         3554    i.ANO_NRF_Init      nrf24l01.o
    0x08001fa4   0x08001fa4   0x00000028   Code   RO         3555    i.ANO_NRF_TxPacket_AP  nrf24l01.o
    0x08001fcc   0x08001fcc   0x000000d4   Code   RO         3657    i.ANO_Uart1_Init    usart1.o
    0x080020a0   0x080020a0   0x000003dc   Code   RO         4399    i.ANTO_Send         ano_dt.o
    0x0800247c   0x0800247c   0x0000029c   Code   RO         4400    i.ANTO_polling      ano_dt.o
    0x08002718   0x08002718   0x00000004   Code   RO         3074    i.BusFault_Handler  stm32f10x_it.o
    0x0800271c   0x0800271c   0x0000001e   Code   RO         4108    i.CascadePID        pid.o
    0x0800273a   0x0800273a   0x00000018   Code   RO          804    i.DMA_Cmd           stm32f10x_dma.o
    0x08002752   0x08002752   0x00000002   PAD
    0x08002754   0x08002754   0x0000014c   Code   RO          805    i.DMA_DeInit        stm32f10x_dma.o
    0x080028a0   0x080028a0   0x0000003c   Code   RO          810    i.DMA_Init          stm32f10x_dma.o
    0x080028dc   0x080028dc   0x00000002   Code   RO         3075    i.DebugMon_Handler  stm32f10x_it.o
    0x080028de   0x080028de   0x00000002   PAD
    0x080028e0   0x080028e0   0x000000ac   Code   RO         3365    i.Duty_1000ms       scheduler.o
    0x0800298c   0x0800298c   0x00000024   Code   RO         3366    i.Duty_10ms         scheduler.o
    0x080029b0   0x080029b0   0x00000024   Code   RO         3367    i.Duty_20ms         scheduler.o
    0x080029d4   0x080029d4   0x00000030   Code   RO         3368    i.Duty_2ms          scheduler.o
    0x08002a04   0x08002a04   0x0000002c   Code   RO         3369    i.Duty_4ms          scheduler.o
    0x08002a30   0x08002a30   0x0000002c   Code   RO         3370    i.Duty_50ms         scheduler.o
    0x08002a5c   0x08002a5c   0x00000034   Code   RO         3371    i.Duty_6ms          scheduler.o
    0x08002a90   0x08002a90   0x000000a8   Code   RO         4310    i.Flag_Check        ano_data_transfer.o
    0x08002b38   0x08002b38   0x00000140   Code   RO         4276    i.FlightPidControl  control.o
    0x08002c78   0x08002c78   0x00000116   Code   RO         1231    i.GPIO_Init         stm32f10x_gpio.o
    0x08002d8e   0x08002d8e   0x00000002   PAD
    0x08002d90   0x08002d90   0x00000090   Code   RO         1233    i.GPIO_PinRemapConfig  stm32f10x_gpio.o
    0x08002e20   0x08002e20   0x00000004   Code   RO         1239    i.GPIO_SetBits      stm32f10x_gpio.o
    0x08002e24   0x08002e24   0x0000076c   Code   RO         4076    i.GetAngle          imu.o
    0x08003590   0x08003590   0x00000014   Code   RO         3430    i.GetLockCode       init.o
    0x080035a4   0x080035a4   0x00000044   Code   RO         3320    i.GetSysTime_us     delay.o
    0x080035e8   0x080035e8   0x00000004   Code   RO         3076    i.HardFault_Handler  stm32f10x_it.o
    0x080035ec   0x080035ec   0x000000c0   Code   RO         3703    i.I2C_ReadByte      i2c_software.o
    0x080036ac   0x080036ac   0x00000096   Code   RO         3705    i.I2C_Read_Bytes    i2c_software.o
    0x08003742   0x08003742   0x0000006e   Code   RO         3706    i.I2C_Read_One_Byte  i2c_software.o
    0x080037b0   0x080037b0   0x000000d8   Code   RO         3707    i.I2C_SendAck       i2c_software.o
    0x08003888   0x08003888   0x000000bc   Code   RO         3708    i.I2C_SendByte      i2c_software.o
    0x08003944   0x08003944   0x00000038   Code   RO         3709    i.I2C_SoftWare_Init  i2c_software.o
    0x0800397c   0x0800397c   0x00000094   Code   RO         3710    i.I2C_Start         i2c_software.o
    0x08003a10   0x08003a10   0x0000009c   Code   RO         3711    i.I2C_Stop          i2c_software.o
    0x08003aac   0x08003aac   0x000000b8   Code   RO         3712    i.I2C_WaitAck       i2c_software.o
    0x08003b64   0x08003b64   0x0000005c   Code   RO         3714    i.I2C_Write_One_Byte  i2c_software.o
    0x08003bc0   0x08003bc0   0x00000010   Code   RO         1543    i.IWDG_Enable       stm32f10x_iwdg.o
    0x08003bd0   0x08003bd0   0x00000008   Code   RO         3464    i.IWDG_Feed         iwdg.o
    0x08003bd8   0x08003bd8   0x00000024   Code   RO         3465    i.IWDG_Init         iwdg.o
    0x08003bfc   0x08003bfc   0x00000010   Code   RO         1545    i.IWDG_ReloadCounter  stm32f10x_iwdg.o
    0x08003c0c   0x08003c0c   0x0000000c   Code   RO         1546    i.IWDG_SetPrescaler  stm32f10x_iwdg.o
    0x08003c18   0x08003c18   0x0000000c   Code   RO         1547    i.IWDG_SetReload    stm32f10x_iwdg.o
    0x08003c24   0x08003c24   0x0000000c   Code   RO         1548    i.IWDG_WriteAccessCmd  stm32f10x_iwdg.o
    0x08003c30   0x08003c30   0x00000044   Code   RO         3482    i.LEDInit           led.o
    0x08003c74   0x08003c74   0x0000006c   Code   RO         3372    i.Loop_Check        scheduler.o
    0x08003ce0   0x08003ce0   0x000000f4   Code   RO         3522    i.MPU6050GetData    mpu6050.o
    0x08003dd4   0x08003dd4   0x000000cc   Code   RO         3523    i.MPU6050_Init      mpu6050.o
    0x08003ea0   0x08003ea0   0x000000a4   Code   RO         3373    i.Main_Loop         scheduler.o
    0x08003f44   0x08003f44   0x00000004   Code   RO         3077    i.MemManage_Handler  stm32f10x_it.o
    0x08003f48   0x08003f48   0x00000274   Code   RO         4277    i.MotorControl      control.o
    0x080041bc   0x080041bc   0x00000128   Code   RO         3524    i.Mpu6050GetOffset  mpu6050.o
    0x080042e4   0x080042e4   0x00000002   Code   RO         3078    i.NMI_Handler       stm32f10x_it.o
    0x080042e6   0x080042e6   0x00000002   PAD
    0x080042e8   0x080042e8   0x0000004c   Code   RO         3556    i.NRF24L01_Check    nrf24l01.o
    0x08004334   0x08004334   0x0000008c   Code   RO         3557    i.NRF24L01_Configuration  nrf24l01.o
    0x080043c0   0x080043c0   0x00000044   Code   RO         3558    i.NRF24L01_Read_Buf  nrf24l01.o
    0x08004404   0x08004404   0x0000002c   Code   RO         3559    i.NRF24L01_Read_Reg  nrf24l01.o
    0x08004430   0x08004430   0x00000040   Code   RO         3562    i.NRF24L01_Write_Buf  nrf24l01.o
    0x08004470   0x08004470   0x00000030   Code   RO         3563    i.NRF24L01_Write_Reg  nrf24l01.o
    0x080044a0   0x080044a0   0x0000007c   Code   RO         3564    i.NRF24L01_init     nrf24l01.o
    0x0800451c   0x0800451c   0x00000060   Code   RO         3565    i.NRF_Connect       nrf24l01.o
    0x0800457c   0x0800457c   0x00000070   Code   RO            1    i.NVIC_Init         misc.o
    0x080045ec   0x080045ec   0x00000014   Code   RO            2    i.NVIC_PriorityGroupConfig  misc.o
    0x08004600   0x08004600   0x00000002   Code   RO         3079    i.PendSV_Handler    stm32f10x_it.o
    0x08004602   0x08004602   0x00000002   PAD
    0x08004604   0x08004604   0x00000138   Code   RO         3483    i.PilotLED          led.o
    0x0800473c   0x0800473c   0x00000050   Code   RO         4132    i.Q_rsqrt           mymath.o
    0x0800478c   0x0800478c   0x00000018   Code   RO         1651    i.RCC_ADCCLKConfig  stm32f10x_rcc.o
    0x080047a4   0x080047a4   0x00000020   Code   RO         1652    i.RCC_AHBPeriphClockCmd  stm32f10x_rcc.o
    0x080047c4   0x080047c4   0x00000020   Code   RO         1653    i.RCC_APB1PeriphClockCmd  stm32f10x_rcc.o
    0x080047e4   0x080047e4   0x00000020   Code   RO         1655    i.RCC_APB2PeriphClockCmd  stm32f10x_rcc.o
    0x08004804   0x08004804   0x000000d4   Code   RO         1663    i.RCC_GetClocksFreq  stm32f10x_rcc.o
    0x080048d8   0x080048d8   0x00000128   Code   RO         4479    i.RC_Analy          remote.o
    0x08004a00   0x08004a00   0x00000008   Code   RO         4480    i.Rc_Connect        remote.o
    0x08004a08   0x08004a08   0x00000018   Code   RO         2135    i.SPI_Cmd           stm32f10x_spi.o
    0x08004a20   0x08004a20   0x00000094   Code   RO         3815    i.SPI_Config        spi.o
    0x08004ab4   0x08004ab4   0x00000012   Code   RO         2143    i.SPI_I2S_GetFlagStatus  stm32f10x_spi.o
    0x08004ac6   0x08004ac6   0x00000006   Code   RO         2146    i.SPI_I2S_ReceiveData  stm32f10x_spi.o
    0x08004acc   0x08004acc   0x00000004   Code   RO         2147    i.SPI_I2S_SendData  stm32f10x_spi.o
    0x08004ad0   0x08004ad0   0x0000003c   Code   RO         2148    i.SPI_Init          stm32f10x_spi.o
    0x08004b0c   0x08004b0c   0x00000038   Code   RO         3816    i.SPI_RW            spi.o
    0x08004b44   0x08004b44   0x00000002   Code   RO         3080    i.SVC_Handler       stm32f10x_it.o
    0x08004b46   0x08004b46   0x00000008   Code   RO         3167    i.SetSysClock       system_stm32f10x.o
    0x08004b4e   0x08004b4e   0x00000002   PAD
    0x08004b50   0x08004b50   0x000000e0   Code   RO         3168    i.SetSysClockTo72   system_stm32f10x.o
    0x08004c30   0x08004c30   0x00000008   Code   RO         3081    i.SysTick_Handler   stm32f10x_it.o
    0x08004c38   0x08004c38   0x00000048   Code   RO         3321    i.SysTick_IRQ       delay.o
    0x08004c80   0x08004c80   0x00000060   Code   RO         3170    i.SystemInit        system_stm32f10x.o
    0x08004ce0   0x08004ce0   0x000000e0   Code   RO         3833    i.TIM2_PWM_Config   tim.o
    0x08004dc0   0x08004dc0   0x000000f0   Code   RO         3834    i.TIM3_PWM_Config   tim.o
    0x08004eb0   0x08004eb0   0x00000018   Code   RO         2278    i.TIM_ARRPreloadConfig  stm32f10x_tim.o
    0x08004ec8   0x08004ec8   0x00000018   Code   RO         2290    i.TIM_Cmd           stm32f10x_tim.o
    0x08004ee0   0x08004ee0   0x00000012   Code   RO         2315    i.TIM_ITConfig      stm32f10x_tim.o
    0x08004ef2   0x08004ef2   0x00000002   PAD
    0x08004ef4   0x08004ef4   0x00000098   Code   RO         2319    i.TIM_OC1Init       stm32f10x_tim.o
    0x08004f8c   0x08004f8c   0x00000012   Code   RO         2322    i.TIM_OC1PreloadConfig  stm32f10x_tim.o
    0x08004f9e   0x08004f9e   0x00000002   PAD
    0x08004fa0   0x08004fa0   0x000000a4   Code   RO         2324    i.TIM_OC2Init       stm32f10x_tim.o
    0x08005044   0x08005044   0x0000001a   Code   RO         2327    i.TIM_OC2PreloadConfig  stm32f10x_tim.o
    0x0800505e   0x0800505e   0x00000002   PAD
    0x08005060   0x08005060   0x000000a0   Code   RO         2329    i.TIM_OC3Init       stm32f10x_tim.o
    0x08005100   0x08005100   0x00000012   Code   RO         2332    i.TIM_OC3PreloadConfig  stm32f10x_tim.o
    0x08005112   0x08005112   0x00000002   PAD
    0x08005114   0x08005114   0x0000007c   Code   RO         2334    i.TIM_OC4Init       stm32f10x_tim.o
    0x08005190   0x08005190   0x0000001a   Code   RO         2336    i.TIM_OC4PreloadConfig  stm32f10x_tim.o
    0x080051aa   0x080051aa   0x00000002   PAD
    0x080051ac   0x080051ac   0x000000a4   Code   RO         2361    i.TIM_TimeBaseInit  stm32f10x_tim.o
    0x08005250   0x08005250   0x00000080   Code   RO         3661    i.USART1_IRQHandler  usart1.o
    0x080052d0   0x080052d0   0x000000cc   Code   RO         3892    i.USART3_Config     usart3.o
    0x0800539c   0x0800539c   0x00000078   Code   RO         4401    i.USART3_IRQHandler  ano_dt.o
    0x08005414   0x08005414   0x00000030   Code   RO         3894    i.USART3_SendByte   usart3.o
    0x08005444   0x08005444   0x00000022   Code   RO         2824    i.USART_ClockInit   stm32f10x_usart.o
    0x08005466   0x08005466   0x00000018   Code   RO         2826    i.USART_Cmd         stm32f10x_usart.o
    0x0800547e   0x0800547e   0x0000001a   Code   RO         2829    i.USART_GetFlagStatus  stm32f10x_usart.o
    0x08005498   0x08005498   0x0000004a   Code   RO         2832    i.USART_ITConfig    stm32f10x_usart.o
    0x080054e2   0x080054e2   0x00000002   PAD
    0x080054e4   0x080054e4   0x000000d8   Code   RO         2833    i.USART_Init        stm32f10x_usart.o
    0x080055bc   0x080055bc   0x0000000a   Code   RO         2840    i.USART_ReceiveData  stm32f10x_usart.o
    0x080055c6   0x080055c6   0x00000008   Code   RO         2843    i.USART_SendData    stm32f10x_usart.o
    0x080055ce   0x080055ce   0x00000004   Code   RO         3082    i.UsageFault_Handler  stm32f10x_it.o
    0x080055d2   0x080055d2   0x00000002   PAD
    0x080055d4   0x080055d4   0x00000114   Code   RO         3784    i.Voltage_Check     adc.o
    0x080056e8   0x080056e8   0x00000020   Code   RO         4598    i.__0printf$1       mc_w.l(printf1.o)
    0x08005708   0x08005708   0x00000028   Code   RO         4854    i.__ARM_fpclassify  m_ws.l(fpclassify.o)
    0x08005730   0x08005730   0x00000026   Code   RO         4856    i.__ARM_fpclassifyf  m_ws.l(fpclassifyf.o)
    0x08005756   0x08005756   0x000000aa   Code   RO         4872    i.__kernel_poly     m_ws.l(poly.o)
    0x08005800   0x08005800   0x00000006   Code   RO         4841    i.__mathlib_dbl_infnan  m_ws.l(dunder.o)
    0x08005806   0x08005806   0x0000000c   Code   RO         4843    i.__mathlib_dbl_invalid  m_ws.l(dunder.o)
    0x08005812   0x08005812   0x00000002   PAD
    0x08005814   0x08005814   0x00000010   Code   RO         4846    i.__mathlib_dbl_underflow  m_ws.l(dunder.o)
    0x08005824   0x08005824   0x00000004   Code   RO         4860    i.__mathlib_flt_infnan2  m_ws.l(funder.o)
    0x08005828   0x08005828   0x0000000a   Code   RO         4864    i.__mathlib_flt_underflow  m_ws.l(funder.o)
    0x08005832   0x08005832   0x0000000e   Code   RO         4939    i.__scatterload_copy  mc_w.l(handlers.o)
    0x08005840   0x08005840   0x00000002   Code   RO         4940    i.__scatterload_null  mc_w.l(handlers.o)
    0x08005842   0x08005842   0x0000000e   Code   RO         4941    i.__scatterload_zeroinit  mc_w.l(handlers.o)
    0x08005850   0x08005850   0x0000000c   Code   RO         4907    i.__set_errno       mc_w.l(errno.o)
    0x0800585c   0x0800585c   0x00000154   Code   RO         4605    i._printf_core      mc_w.l(printf1.o)
    0x080059b0   0x080059b0   0x00000270   Code   RO         4511    i.asin              m_ws.l(asin.o)
    0x08005c20   0x08005c20   0x0000025c   Code   RO         4529    i.atan2f            m_ws.l(atan2f.o)
    0x08005e7c   0x08005e7c   0x00000024   Code   RO         3322    i.cycleCounterInit  delay.o
    0x08005ea0   0x08005ea0   0x00000030   Code   RO         3323    i.delay_ms          delay.o
    0x08005ed0   0x08005ed0   0x00000024   Code   RO         3662    i.fputc             usart1.o
    0x08005ef4   0x08005ef4   0x00000058   Code   RO         3938    i.kalman_1          kalman.o
    0x08005f4c   0x08005f4c   0x00000084   Code   RO         3201    i.main              main.o
    0x08005fd0   0x08005fd0   0x0000002c   Code   RO         4109    i.pidRest           pid.o
    0x08005ffc   0x08005ffc   0x0000006a   Code   RO         4110    i.pidUpdate         pid.o
    0x08006066   0x08006066   0x00000002   PAD
    0x08006068   0x08006068   0x000000d8   Code   RO         3431    i.pid_param_Init    init.o
    0x08006140   0x08006140   0x00000120   Code   RO         4481    i.remote_unlock     remote.o
    0x08006260   0x08006260   0x0000004c   Code   RO         4537    i.sqrt              m_ws.l(sqrt.o)
    0x080062ac   0x080062ac   0x0000000a   Data   RO         3569    .constdata          nrf24l01.o
    0x080062b6   0x080062b6   0x00000002   PAD
    0x080062b8   0x080062b8   0x00000018   Data   RO         4145    .constdata          mymath.o
    0x080062d0   0x080062d0   0x00000050   Data   RO         4512    .constdata          m_ws.l(asin.o)
    0x08006320   0x08006320   0x00000020   Data   RO         4937    Region$$Table       anon$$obj.o


    Execution Region RW_IRAM1 (Exec base: 0x20000000, Load base: 0x08006340, Size: 0x00000f28, Max: 0x00005000, ABSOLUTE, COMPRESSED[0x00000078])

    Exec Addr    Load Addr    Size         Type   Attr      Idx    E Section Name        Object

    0x20000000   COMPRESSED   0x00000014   Data   RW         1683    .data               stm32f10x_rcc.o
    0x20000014   COMPRESSED   0x00000014   Data   RW         3171    .data               system_stm32f10x.o
    0x20000028   COMPRESSED   0x0000000a   Data   RW         3326    .data               delay.o
    0x20000032   COMPRESSED   0x00000002   PAD
    0x20000034   COMPRESSED   0x00000009   Data   RW         3375    .data               scheduler.o
    0x2000003d   COMPRESSED   0x00000003   PAD
    0x20000040   COMPRESSED   0x00000013   Data   RW         3433    .data               init.o
    0x20000053   COMPRESSED   0x00000001   PAD
    0x20000054   COMPRESSED   0x0000000c   Data   RW         3484    .data               led.o
    0x20000060   COMPRESSED   0x0000004c   Data   RW         3526    .data               mpu6050.o
    0x200000ac   COMPRESSED   0x0000000a   Data   RW         3570    .data               nrf24l01.o
    0x200000b6   COMPRESSED   0x00000003   Data   RW         3664    .data               usart1.o
    0x200000b9   COMPRESSED   0x00000001   PAD
    0x200000ba   COMPRESSED   0x0000000a   Data   RW         3785    .data               adc.o
    0x200000c4   COMPRESSED   0x0000001c   Data   RW         4078    .data               imu.o
    0x200000e0   COMPRESSED   0x0000003a   Data   RW         4278    .data               control.o
    0x2000011a   COMPRESSED   0x00000006   Data   RW         4312    .data               ano_data_transfer.o
    0x20000120   COMPRESSED   0x00000014   Data   RW         4403    .data               ano_dt.o
    0x20000134   COMPRESSED   0x0000000d   Data   RW         4483    .data               remote.o
    0x20000141   COMPRESSED   0x00000003   PAD
    0x20000144   COMPRESSED   0x00000004   Data   RW         4896    .data               mc_w.l(stdout.o)
    0x20000148   COMPRESSED   0x00000004   Data   RW         4908    .data               mc_w.l(errno.o)
    0x2000014c        -       0x0000003c   Zero   RW         3374    .bss                scheduler.o
    0x20000188        -       0x00000674   Zero   RW         3432    .bss                init.o
    0x200007fc        -       0x00000024   Zero   RW         3525    .bss                mpu6050.o
    0x20000820        -       0x00000040   Zero   RW         3568    .bss                nrf24l01.o
    0x20000860        -       0x00000100   Zero   RW         3663    .bss                usart1.o
    0x20000960        -       0x0000000c   Zero   RW         4077    .bss                imu.o
    0x2000096c        -       0x00000040   Zero   RW         4311    .bss                ano_data_transfer.o
    0x200009ac        -       0x0000017a   Zero   RW         4402    .bss                ano_dt.o
    0x20000b26   COMPRESSED   0x00000002   PAD
    0x20000b28        -       0x00000400   Zero   RW         3067    STACK               startup_stm32f10x_md.o


==============================================================================

Image component sizes


      Code (inc. data)   RO Data    RW Data    ZI Data      Debug   Object Name

       560         54          0         10          0       2517   adc.o
      3708        194          0          6         64       9127   ano_data_transfer.o
      2640        272          0         20        378       6676   ano_dt.o
       948         82          0         58          0       2021   control.o
         0          0          0          0          0         32   core_cm3.o
       224         36          0         10          0       2510   delay.o
      1492         38          0          0          0       7138   i2c_software.o
      1900         44          0         28         12       4400   imu.o
       312         98          0         19       1652       5265   init.o
        44          0          0          0          0        908   iwdg.o
        88          0          0          0          0       1147   kalman.o
       380         36          0         12          0       5989   led.o
       132         14          0          0          0      18206   main.o
       132         22          0          0          0     278159   misc.o
       744         62          0         76         36       2939   mpu6050.o
        80          6         24          0          0        901   mymath.o
      1048         98         10         10         64       7802   nrf24l01.o
       180          0          0          0          0       1903   pid.o
       592         70          0         13          0       2255   remote.o
       704        102          0          9         60       4766   scheduler.o
       204         14          0          0          0       1054   spi.o
        36          8        236          0       1024        768   startup_stm32f10x_md.o
       390         10          0          0          0       6861   stm32f10x_adc.o
       416          8          0          0          0       3194   stm32f10x_dma.o
       426          6          0          0          0       3105   stm32f10x_gpio.o
        32          0          0          0          0       3686   stm32f10x_it.o
        68         30          0          0          0       2210   stm32f10x_iwdg.o
       332         44          0         20          0       5181   stm32f10x_rcc.o
       112          0          0          0          0       3506   stm32f10x_spi.o
       918         92          0          0          0       7391   stm32f10x_tim.o
       392          6          0          0          0       5595   stm32f10x_usart.o
       328         28          0         20          0       2057   system_stm32f10x.o
       464         26          0          0          0       1332   tim.o
       376         28          0          3        256       2413   usart1.o
       252         12          0          0          0       1626   usart3.o

    ----------------------------------------------------------------------
     20684       1540        304        324       3548     414640   Object Totals
         0          0         32          0          0          0   (incl. Generated)
        30          0          2         10          2          0   (incl. Padding)

    ----------------------------------------------------------------------

      Code (inc. data)   RO Data    RW Data    ZI Data      Debug   Library Member Name

       624         52         80          0          0        168   asin.o
       604         76          0          0          0        116   atan2f.o
        34          6          0          0          0        204   dunder.o
        40          0          0          0          0         68   fpclassify.o
        38          0          0          0          0         68   fpclassifyf.o
        14          0          0          0          0        136   funder.o
       170          0          0          0          0         96   poly.o
        76          0          0          0          0         84   sqrt.o
        86          0          0          0          0          0   __dczerorl2.o
         0          0          0          0          0          0   entry.o
         0          0          0          0          0          0   entry10a.o
         0          0          0          0          0          0   entry11a.o
         8          4          0          0          0          0   entry2.o
         4          0          0          0          0          0   entry5.o
         0          0          0          0          0          0   entry7b.o
         0          0          0          0          0          0   entry8b.o
         8          4          0          0          0          0   entry9a.o
        12          6          0          4          0         68   errno.o
        30          0          0          0          0          0   handlers.o
        36          8          0          0          0         68   init.o
         0          0          0          0          0          0   iusefp.o
        30          0          0          0          0         68   llshl.o
        36          0          0          0          0         68   llsshr.o
        32          0          0          0          0         68   llushr.o
        36          0          0          0          0         68   memcpya.o
        36          0          0          0          0        108   memseta.o
       372         14          0          0          0        184   printf1.o
         0          0          0          4          0          0   stdout.o
        44          0          0          0          0         80   uidiv.o
        20          0          0          0          0         68   cfcmple.o
        20          0          0          0          0         68   cfrcmple.o
        56          0          0          0          0         88   d2f.o
       334          0          0          0          0        148   dadd.o
       222          0          0          0          0        100   ddiv.o
       186          0          0          0          0        176   depilogue.o
       228          0          0          0          0         96   dmul.o
        46          0          0          0          0         80   dscalb.o
       162          0          0          0          0        100   dsqrt.o
        38          0          0          0          0         68   f2d.o
       176          0          0          0          0        140   fadd.o
       124          0          0          0          0         88   fdiv.o
       110          0          0          0          0        168   fepilogue.o
        50          0          0          0          0         68   ffixi.o
        40          0          0          0          0         68   ffixui.o
        18          0          0          0          0         68   fflti.o
        10          0          0          0          0         68   ffltui.o
       100          0          0          0          0         76   fmul.o
        24          0          0          0          0         68   fscalb.o

    ----------------------------------------------------------------------
      4340        170         80          8          0       3524   Library Totals
         6          0          0          0          0          0   (incl. Padding)

    ----------------------------------------------------------------------

      Code (inc. data)   RO Data    RW Data    ZI Data      Debug   Library Name

      1600        134         80          0          0        940   m_ws.l
       770         36          0          8          0        780   mc_w.l
      1964          0          0          0          0       1804   mf_w.l

    ----------------------------------------------------------------------
      4340        170         80          8          0       3524   Library Totals

    ----------------------------------------------------------------------

==============================================================================


      Code (inc. data)   RO Data    RW Data    ZI Data      Debug   

     25024       1710        384        332       3548     408932   Grand Totals
     25024       1710        384        120       3548     408932   ELF Image Totals (compressed)
     25024       1710        384        120          0          0   ROM Totals

==============================================================================

    Total RO  Size (Code + RO Data)                25408 (  24.81kB)
    Total RW  Size (RW Data + ZI Data)              3880 (   3.79kB)
    Total ROM Size (Code + RO Data + RW Data)      25528 (  24.93kB)

==============================================================================

